Component: ARM Compiler 5.06 update 7 (build 960) Tool: armlink [4d3601]

==============================================================================

Section Cross References

    startup_stm32f103xe.o(RESET) refers to startup_stm32f103xe.o(STACK) for __initial_sp
    startup_stm32f103xe.o(RESET) refers to startup_stm32f103xe.o(.text) for Reset_Handler
    startup_stm32f103xe.o(RESET) refers to stm32f1xx_it.o(i.NMI_Handler) for NMI_Handler
    startup_stm32f103xe.o(RESET) refers to stm32f1xx_it.o(i.HardFault_Handler) for HardFault_Handler
    startup_stm32f103xe.o(RESET) refers to stm32f1xx_it.o(i.MemManage_Handler) for MemManage_Handler
    startup_stm32f103xe.o(RESET) refers to stm32f1xx_it.o(i.BusFault_Handler) for BusFault_Handler
    startup_stm32f103xe.o(RESET) refers to stm32f1xx_it.o(i.UsageFault_Handler) for UsageFault_Handler
    startup_stm32f103xe.o(RESET) refers to stm32f1xx_it.o(i.SVC_Handler) for SVC_Handler
    startup_stm32f103xe.o(RESET) refers to stm32f1xx_it.o(i.DebugMon_Handler) for DebugMon_Handler
    startup_stm32f103xe.o(RESET) refers to stm32f1xx_it.o(i.PendSV_Handler) for PendSV_Handler
    startup_stm32f103xe.o(RESET) refers to stm32f1xx_it.o(i.SysTick_Handler) for SysTick_Handler
    startup_stm32f103xe.o(RESET) refers to main.o(i.EXTI4_IRQHandler) for EXTI4_IRQHandler
    startup_stm32f103xe.o(RESET) refers to main.o(i.EXTI9_5_IRQHandler) for EXTI9_5_IRQHandler
    startup_stm32f103xe.o(RESET) refers to stm32f1xx_it.o(i.TIM4_IRQHandler) for TIM4_IRQHandler
    startup_stm32f103xe.o(RESET) refers to stm32f1xx_it.o(i.USART1_IRQHandler) for USART1_IRQHandler
    startup_stm32f103xe.o(RESET) refers to stm32f1xx_it.o(i.TIM5_IRQHandler) for TIM5_IRQHandler
    startup_stm32f103xe.o(.text) refers to system_stm32f1xx.o(i.SystemInit) for SystemInit
    startup_stm32f103xe.o(.text) refers to entry.o(.ARM.Collect$$$$00000000) for __main
    main.o(i.EXTI4_IRQHandler) refers to stm32f1xx_hal_gpio.o(i.HAL_GPIO_ReadPin) for HAL_GPIO_ReadPin
    main.o(i.EXTI4_IRQHandler) refers to stm32f1xx_hal_gpio.o(i.HAL_GPIO_EXTI_IRQHandler) for HAL_GPIO_EXTI_IRQHandler
    main.o(i.EXTI4_IRQHandler) refers to main.o(.data) for .data
    main.o(i.EXTI9_5_IRQHandler) refers to stm32f1xx_hal_gpio.o(i.HAL_GPIO_ReadPin) for HAL_GPIO_ReadPin
    main.o(i.EXTI9_5_IRQHandler) refers to stm32f1xx_hal_gpio.o(i.HAL_GPIO_EXTI_IRQHandler) for HAL_GPIO_EXTI_IRQHandler
    main.o(i.EXTI9_5_IRQHandler) refers to main.o(.data) for .data
    main.o(i.HAL_TIM_PeriodElapsedCallback) refers to dflti.o(.text) for __aeabi_i2d
    main.o(i.HAL_TIM_PeriodElapsedCallback) refers to dmul.o(.text) for __aeabi_dmul
    main.o(i.HAL_TIM_PeriodElapsedCallback) refers to ddiv.o(.text) for __aeabi_ddiv
    main.o(i.HAL_TIM_PeriodElapsedCallback) refers to dadd.o(.text) for __aeabi_dadd
    main.o(i.HAL_TIM_PeriodElapsedCallback) refers to d2f.o(.text) for __aeabi_d2f
    main.o(i.HAL_TIM_PeriodElapsedCallback) refers to fflti.o(.text) for __aeabi_i2f
    main.o(i.HAL_TIM_PeriodElapsedCallback) refers to main.o(i.PIDVel_AntiWindup) for PIDVel_AntiWindup
    main.o(i.HAL_TIM_PeriodElapsedCallback) refers to stm32f1xx_hal_gpio.o(i.HAL_GPIO_WritePin) for HAL_GPIO_WritePin
    main.o(i.HAL_TIM_PeriodElapsedCallback) refers to f2d.o(.text) for __aeabi_f2d
    main.o(i.HAL_TIM_PeriodElapsedCallback) refers to printfa.o(i.__0printf) for __2printf
    main.o(i.HAL_TIM_PeriodElapsedCallback) refers to main.o(.data) for .data
    main.o(i.HAL_TIM_PeriodElapsedCallback) refers to main.o(.bss) for .bss
    main.o(i.HAL_UART_RxCpltCallback) refers to atoi.o(.text) for atoi
    main.o(i.HAL_UART_RxCpltCallback) refers to fflti.o(.text) for __aeabi_i2f
    main.o(i.HAL_UART_RxCpltCallback) refers to memseta.o(.text) for __aeabi_memclr4
    main.o(i.HAL_UART_RxCpltCallback) refers to dflti.o(.text) for __aeabi_i2d
    main.o(i.HAL_UART_RxCpltCallback) refers to cdcmple.o(.text) for __aeabi_cdcmple
    main.o(i.HAL_UART_RxCpltCallback) refers to cdrcmple.o(.text) for __aeabi_cdrcmple
    main.o(i.HAL_UART_RxCpltCallback) refers to stm32f1xx_hal_uart.o(i.HAL_UART_Receive_IT) for HAL_UART_Receive_IT
    main.o(i.HAL_UART_RxCpltCallback) refers to main.o(.data) for .data
    main.o(i.HAL_UART_RxCpltCallback) refers to main.o(.bss) for .bss
    main.o(i.MX_GPIO_Init) refers to stm32f1xx_hal_gpio.o(i.HAL_GPIO_WritePin) for HAL_GPIO_WritePin
    main.o(i.MX_GPIO_Init) refers to stm32f1xx_hal_gpio.o(i.HAL_GPIO_Init) for HAL_GPIO_Init
    main.o(i.MX_GPIO_Init) refers to stm32f1xx_hal_cortex.o(i.HAL_NVIC_SetPriority) for HAL_NVIC_SetPriority
    main.o(i.MX_GPIO_Init) refers to stm32f1xx_hal_cortex.o(i.HAL_NVIC_EnableIRQ) for HAL_NVIC_EnableIRQ
    main.o(i.MX_TIM2_Init) refers to memseta.o(.text) for __aeabi_memclr4
    main.o(i.MX_TIM2_Init) refers to stm32f1xx_hal_tim.o(i.HAL_TIM_PWM_Init) for HAL_TIM_PWM_Init
    main.o(i.MX_TIM2_Init) refers to stm32f1xx_hal_tim_ex.o(i.HAL_TIMEx_MasterConfigSynchronization) for HAL_TIMEx_MasterConfigSynchronization
[...]
    Removing stm32f1xx_hal_rcc_ex.o(.rrx_text), (6 bytes).
    Removing stm32f1xx_hal_rcc_ex.o(i.HAL_RCCEx_GetPeriphCLKConfig), (52 bytes).
    Removing stm32f1xx_hal_rcc_ex.o(i.HAL_RCCEx_GetPeriphCLKFreq), (284 bytes).
    Removing stm32f1xx_hal_rcc_ex.o(i.HAL_RCCEx_PeriphCLKConfig), (304 bytes).
    Removing stm32f1xx_hal_gpio.o(.rev16_text), (4 bytes).
    Removing stm32f1xx_hal_gpio.o(.revsh_text), (4 bytes).
    Removing stm32f1xx_hal_gpio.o(.rrx_text), (6 bytes).
    Removing stm32f1xx_hal_gpio.o(i.HAL_GPIO_DeInit), (336 bytes).
    Removing stm32f1xx_hal_gpio.o(i.HAL_GPIO_LockPin), (42 bytes).
    Removing stm32f1xx_hal_gpio.o(i.HAL_GPIO_TogglePin), (8 bytes).
    Removing stm32f1xx_hal_dma.o(.rev16_text), (4 bytes).
    Removing stm32f1xx_hal_dma.o(.revsh_text), (4 bytes).
    Removing stm32f1xx_hal_dma.o(.rrx_text), (6 bytes).
    Removing stm32f1xx_hal_dma.o(i.DMA_SetConfig), (56 bytes).
    Removing stm32f1xx_hal_dma.o(i.HAL_DMA_Abort), (48 bytes).
    Removing stm32f1xx_hal_dma.o(i.HAL_DMA_DeInit), (152 bytes).
    Removing stm32f1xx_hal_dma.o(i.HAL_DMA_GetError), (4 bytes).
    Removing stm32f1xx_hal_dma.o(i.HAL_DMA_GetState), (6 bytes).
    Removing stm32f1xx_hal_dma.o(i.HAL_DMA_IRQHandler), (724 bytes).
    Removing stm32f1xx_hal_dma.o(i.HAL_DMA_Init), (168 bytes).
    Removing stm32f1xx_hal_dma.o(i.HAL_DMA_PollForTransfer), (1292 bytes).
    Removing stm32f1xx_hal_dma.o(i.HAL_DMA_RegisterCallback), (80 bytes).
    Removing stm32f1xx_hal_dma.o(i.HAL_DMA_Start), (88 bytes).
    Removing stm32f1xx_hal_dma.o(i.HAL_DMA_Start_IT), (124 bytes).
    Removing stm32f1xx_hal_dma.o(i.HAL_DMA_UnRegisterCallback), (86 bytes).
    Removing stm32f1xx_hal_cortex.o(.rev16_text), (4 bytes).
    Removing stm32f1xx_hal_cortex.o(.revsh_text), (4 bytes).
    Removing stm32f1xx_hal_cortex.o(.rrx_text), (6 bytes).
    Removing stm32f1xx_hal_cortex.o(i.HAL_NVIC_ClearPendingIRQ), (24 bytes).
    Removing stm32f1xx_hal_cortex.o(i.HAL_NVIC_DisableIRQ), (24 bytes).
    Removing stm32f1xx_hal_cortex.o(i.HAL_NVIC_GetActive), (34 bytes).
    Removing stm32f1xx_hal_cortex.o(i.HAL_NVIC_GetPendingIRQ), (34 bytes).
    Removing stm32f1xx_hal_cortex.o(i.HAL_NVIC_GetPriority), (94 bytes).
    Removing stm32f1xx_hal_cortex.o(i.HAL_NVIC_GetPriorityGrouping), (16 bytes).
    Removing stm32f1xx_hal_cortex.o(i.HAL_NVIC_SetPendingIRQ), (24 bytes).
    Removing stm32f1xx_hal_cortex.o(i.HAL_NVIC_SystemReset), (36 bytes).
    Removing stm32f1xx_hal_cortex.o(i.HAL_SYSTICK_CLKSourceConfig), (28 bytes).
    Removing stm32f1xx_hal_cortex.o(i.HAL_SYSTICK_Callback), (2 bytes).
    Removing stm32f1xx_hal_cortex.o(i.HAL_SYSTICK_IRQHandler), (8 bytes).
    Removing stm32f1xx_hal_pwr.o(.rev16_text), (4 bytes).
    Removing stm32f1xx_hal_pwr.o(.revsh_text), (4 bytes).
    Removing stm32f1xx_hal_pwr.o(.rrx_text), (6 bytes).
    Removing stm32f1xx_hal_pwr.o(i.HAL_PWR_ConfigPVD), (148 bytes).
    Removing stm32f1xx_hal_pwr.o(i.HAL_PWR_DeInit), (24 bytes).
    Removing stm32f1xx_hal_pwr.o(i.HAL_PWR_DisableBkUpAccess), (12 bytes).
    Removing stm32f1xx_hal_pwr.o(i.HAL_PWR_DisablePVD), (12 bytes).
    Removing stm32f1xx_hal_pwr.o(i.HAL_PWR_DisableSEVOnPend), (16 bytes).
    Removing stm32f1xx_hal_pwr.o(i.HAL_PWR_DisableSleepOnExit), (16 bytes).
    Removing stm32f1xx_hal_pwr.o(i.HAL_PWR_DisableWakeUpPin), (26 bytes).
    Removing stm32f1xx_hal_pwr.o(i.HAL_PWR_EnableBkUpAccess), (12 bytes).
    Removing stm32f1xx_hal_pwr.o(i.HAL_PWR_EnablePVD), (12 bytes).
    Removing stm32f1xx_hal_pwr.o(i.HAL_PWR_EnableSEVOnPend), (16 bytes).
    Removing stm32f1xx_hal_pwr.o(i.HAL_PWR_EnableSleepOnExit), (16 bytes).
    Removing stm32f1xx_hal_pwr.o(i.HAL_PWR_EnableWakeUpPin), (26 bytes).
    Removing stm32f1xx_hal_pwr.o(i.HAL_PWR_EnterSLEEPMode), (32 bytes).
    Removing stm32f1xx_hal_pwr.o(i.HAL_PWR_EnterSTANDBYMode), (32 bytes).
    Removing stm32f1xx_hal_pwr.o(i.HAL_PWR_EnterSTOPMode), (68 bytes).
    Removing stm32f1xx_hal_pwr.o(i.HAL_PWR_PVDCallback), (2 bytes).
    Removing stm32f1xx_hal_pwr.o(i.HAL_PWR_PVD_IRQHandler), (28 bytes).
    Removing stm32f1xx_hal_pwr.o(i.PWR_OverloadWfe), (6 bytes).
    Removing stm32f1xx_hal_flash.o(.rev16_text), (4 bytes).
    Removing stm32f1xx_hal_flash.o(.revsh_text), (4 bytes).
    Removing stm32f1xx_hal_flash.o(.rrx_text), (6 bytes).
    Removing stm32f1xx_hal_flash.o(i.FLASH_Program_HalfWord), (28 bytes).
    Removing stm32f1xx_hal_flash.o(i.FLASH_SetErrorCode), (100 bytes).
    Removing stm32f1xx_hal_flash.o(i.FLASH_WaitForLastOperation), (104 bytes).
    Removing stm32f1xx_hal_flash.o(i.HAL_FLASH_EndOfOperationCallback), (2 bytes).
    Removing stm32f1xx_hal_flash.o(i.HAL_FLASH_GetError), (12 bytes).
    Removing stm32f1xx_hal_flash.o(i.HAL_FLASH_IRQHandler), (284 bytes).
    Removing stm32f1xx_hal_flash.o(i.HAL_FLASH_Lock), (20 bytes).
    Removing stm32f1xx_hal_flash.o(i.HAL_FLASH_OB_Launch), (4 bytes).
    Removing stm32f1xx_hal_flash.o(i.HAL_FLASH_OB_Lock), (20 bytes).
    Removing stm32f1xx_hal_flash.o(i.HAL_FLASH_OB_Unlock), (40 bytes).
    Removing stm32f1xx_hal_flash.o(i.HAL_FLASH_OperationErrorCallback), (2 bytes).
    Removing stm32f1xx_hal_flash.o(i.HAL_FLASH_Program), (148 bytes).
    Removing stm32f1xx_hal_flash.o(i.HAL_FLASH_Program_IT), (104 bytes).
    Removing stm32f1xx_hal_flash.o(i.HAL_FLASH_Unlock), (44 bytes).
    Removing stm32f1xx_hal_flash.o(.bss), (32 bytes).
    Removing stm32f1xx_hal_flash_ex.o(.rev16_text), (4 bytes).
    Removing stm32f1xx_hal_flash_ex.o(.revsh_text), (4 bytes).
    Removing stm32f1xx_hal_flash_ex.o(.rrx_text), (6 bytes).
    Removing stm32f1xx_hal_flash_ex.o(i.FLASH_MassErase), (36 bytes).
    Removing stm32f1xx_hal_flash_ex.o(i.FLASH_OB_DisableWRP), (192 bytes).
    Removing stm32f1xx_hal_flash_ex.o(i.FLASH_OB_EnableWRP), (192 bytes).
    Removing stm32f1xx_hal_flash_ex.o(i.FLASH_OB_GetRDP), (24 bytes).
    Removing stm32f1xx_hal_flash_ex.o(i.FLASH_OB_GetUser), (16 bytes).
    Removing stm32f1xx_hal_flash_ex.o(i.FLASH_OB_GetWRP), (12 bytes).
    Removing stm32f1xx_hal_flash_ex.o(i.FLASH_OB_ProgramData), (60 bytes).
    Removing stm32f1xx_hal_flash_ex.o(i.FLASH_OB_RDP_LevelConfig), (100 bytes).
    Removing stm32f1xx_hal_flash_ex.o(i.FLASH_OB_UserConfig), (68 bytes).
    Removing stm32f1xx_hal_flash_ex.o(i.FLASH_PageErase), (36 bytes).
    Removing stm32f1xx_hal_flash_ex.o(i.HAL_FLASHEx_Erase), (180 bytes).
    Removing stm32f1xx_hal_flash_ex.o(i.HAL_FLASHEx_Erase_IT), (88 bytes).
    Removing stm32f1xx_hal_flash_ex.o(i.HAL_FLASHEx_OBErase), (84 bytes).
    Removing stm32f1xx_hal_flash_ex.o(i.HAL_FLASHEx_OBGetConfig), (28 bytes).
    Removing stm32f1xx_hal_flash_ex.o(i.HAL_FLASHEx_OBGetUserData), (32 bytes).
    Removing stm32f1xx_hal_flash_ex.o(i.HAL_FLASHEx_OBProgram), (132 bytes).
    Removing stm32f1xx_hal_uart.o(.rev16_text), (4 bytes).
    Removing stm32f1xx_hal_uart.o(.revsh_text), (4 bytes).
    Removing stm32f1xx_hal_uart.o(.rrx_text), (6 bytes).
    Removing stm32f1xx_hal_uart.o(i.HAL_HalfDuplex_EnableReceiver), (54 bytes).
    Removing stm32f1xx_hal_uart.o(i.HAL_HalfDuplex_EnableTransmitter), (54 bytes).
    Removing stm32f1xx_hal_uart.o(i.HAL_HalfDuplex_Init), (110 bytes).
    Removing stm32f1xx_hal_uart.o(i.HAL_LIN_Init), (124 bytes).
    Removing stm32f1xx_hal_uart.o(i.HAL_LIN_SendBreak), (50 bytes).
    Removing stm32f1xx_hal_uart.o(i.HAL_MultiProcessor_EnterMuteMode), (50 bytes).
    Removing stm32f1xx_hal_uart.o(i.HAL_MultiProcessor_ExitMuteMode), (50 bytes).
    Removing stm32f1xx_hal_uart.o(i.HAL_MultiProcessor_Init), (134 bytes).
    Removing stm32f1xx_hal_uart.o(i.HAL_UART_Abort), (108 bytes).
    Removing stm32f1xx_hal_uart.o(i.HAL_UART_AbortCpltCallback), (2 bytes).
    Removing stm32f1xx_hal_uart.o(i.HAL_UART_AbortReceive), (70 bytes).
    Removing stm32f1xx_hal_uart.o(i.HAL_UART_AbortReceiveCpltCallback), (2 bytes).
    Removing stm32f1xx_hal_uart.o(i.HAL_UART_AbortReceive_IT), (108 bytes).
    Removing stm32f1xx_hal_uart.o(i.HAL_UART_AbortTransmit), (60 bytes).
    Removing stm32f1xx_hal_uart.o(i.HAL_UART_AbortTransmitCpltCallback), (2 bytes).
    Removing stm32f1xx_hal_uart.o(i.HAL_UART_AbortTransmit_IT), (100 bytes).
    Removing stm32f1xx_hal_uart.o(i.HAL_UART_Abort_IT), (188 bytes).
    Removing stm32f1xx_hal_uart.o(i.HAL_UART_DMAPause), (102 bytes).
    Removing stm32f1xx_hal_uart.o(i.HAL_UART_DMAResume), (98 bytes).
    Removing stm32f1xx_hal_uart.o(i.HAL_UART_DMAStop), (88 bytes).
    Removing stm32f1xx_hal_uart.o(i.HAL_UART_DeInit), (42 bytes).
    Removing stm32f1xx_hal_uart.o(i.HAL_UART_GetError), (4 bytes).
    Removing stm32f1xx_hal_uart.o(i.HAL_UART_GetState), (12 bytes).
    Removing stm32f1xx_hal_uart.o(i.HAL_UART_MspDeInit), (2 bytes).
    Removing stm32f1xx_hal_uart.o(i.HAL_UART_MspInit), (2 bytes).
    Removing stm32f1xx_hal_uart.o(i.HAL_UART_Receive), (226 bytes).
    Removing stm32f1xx_hal_uart.o(i.HAL_UART_Receive_DMA), (164 bytes).
    Removing stm32f1xx_hal_uart.o(i.HAL_UART_RxCpltCallback), (2 bytes).
    Removing stm32f1xx_hal_uart.o(i.HAL_UART_RxHalfCpltCallback), (2 bytes).
    Removing stm32f1xx_hal_uart.o(i.HAL_UART_Transmit_DMA), (152 bytes).
    Removing stm32f1xx_hal_uart.o(i.HAL_UART_Transmit_IT), (66 bytes).
    Removing stm32f1xx_hal_uart.o(i.HAL_UART_TxHalfCpltCallback), (2 bytes).
    Removing stm32f1xx_hal_uart.o(i.UART_DMAError), (74 bytes).
    Removing stm32f1xx_hal_uart.o(i.UART_DMAReceiveCplt), (62 bytes).
    Removing stm32f1xx_hal_uart.o(i.UART_DMARxAbortCallback), (44 bytes).
    Removing stm32f1xx_hal_uart.o(i.UART_DMARxHalfCplt), (10 bytes).
    Removing stm32f1xx_hal_uart.o(i.UART_DMARxOnlyAbortCallback), (20 bytes).
    Removing stm32f1xx_hal_uart.o(i.UART_DMATransmitCplt), (48 bytes).
    Removing stm32f1xx_hal_uart.o(i.UART_DMATxAbortCallback), (44 bytes).
    Removing stm32f1xx_hal_uart.o(i.UART_DMATxHalfCplt), (10 bytes).
    Removing stm32f1xx_hal_uart.o(i.UART_DMATxOnlyAbortCallback), (20 bytes).
    Removing stm32f1xx_hal_uart.o(i.UART_EndTxTransfer), (18 bytes).

329 unused section(s) (total 21158 bytes) removed from the image.

==============================================================================

Image Symbol Table

    Local Symbols

    Symbol Name                              Value     Ov Type        Size  Object(Section)

    ../Drivers/STM32F1xx_HAL_Driver/Src/stm32f1xx_hal.c 0x00000000   Number         0  stm32f1xx_hal.o ABSOLUTE
    ../Drivers/STM32F1xx_HAL_Driver/Src/stm32f1xx_hal_cortex.c 0x00000000   Number         0  stm32f1xx_hal_cortex.o ABSOLUTE
    ../Drivers/STM32F1xx_HAL_Driver/Src/stm32f1xx_hal_dma.c 0x00000000   Number         0  stm32f1xx_hal_dma.o ABSOLUTE
    ../Drivers/STM32F1xx_HAL_Driver/Src/stm32f1xx_hal_flash.c 0x00000000   Number         0  stm32f1xx_hal_flash.o ABSOLUTE
    ../Drivers/STM32F1xx_HAL_Driver/Src/stm32f1xx_hal_flash_ex.c 0x00000000   Number         0  stm32f1xx_hal_flash_ex.o ABSOLUTE
    ../Drivers/STM32F1xx_HAL_Driver/Src/stm32f1xx_hal_gpio.c 0x00000000   Number         0  stm32f1xx_hal_gpio.o ABSOLUTE
    ../Drivers/STM32F1xx_HAL_Driver/Src/stm32f1xx_hal_gpio_ex.c 0x00000000   Number         0  stm32f1xx_hal_gpio_ex.o ABSOLUTE
    ../Drivers/STM32F1xx_HAL_Driver/Src/stm32f1xx_hal_pwr.c 0x00000000   Number         0  stm32f1xx_hal_pwr.o ABSOLUTE
    ../Drivers/STM32F1xx_HAL_Driver/Src/stm32f1xx_hal_rcc.c 0x00000000   Number         0  stm32f1xx_hal_rcc.o ABSOLUTE
    ../Drivers/STM32F1xx_HAL_Driver/Src/stm32f1xx_hal_rcc_ex.c 0x00000000   Number         0  stm32f1xx_hal_rcc_ex.o ABSOLUTE
    ../Drivers/STM32F1xx_HAL_Driver/Src/stm32f1xx_hal_tim.c 0x00000000   Number         0  stm32f1xx_hal_tim.o ABSOLUTE
    ../Drivers/STM32F1xx_HAL_Driver/Src/stm32f1xx_hal_tim_ex.c 0x00000000   Number         0  stm32f1xx_hal_tim_ex.o ABSOLUTE
    ../Drivers/STM32F1xx_HAL_Driver/Src/stm32f1xx_hal_uart.c 0x00000000   Number         0  stm32f1xx_hal_uart.o ABSOLUTE
    ../Src/main.c                            0x00000000   Number         0  main.o ABSOLUTE
    ../Src/stm32f1xx_hal_msp.c               0x00000000   Number         0  stm32f1xx_hal_msp.o ABSOLUTE
    ../Src/stm32f1xx_it.c                    0x00000000   Number         0  stm32f1xx_it.o ABSOLUTE
    ../Src/system_stm32f1xx.c                0x00000000   Number         0  system_stm32f1xx.o ABSOLUTE
    ../clib/microlib/ctype/ctype.c           0x00000000   Number         0  isspace_o.o ABSOLUTE
    ../clib/microlib/ctype/ctype.c           0x00000000   Number         0  ispunct_o.o ABSOLUTE
    ../clib/microlib/ctype/ctype.c           0x00000000   Number         0  isprint_o.o ABSOLUTE
    ../clib/microlib/ctype/ctype.c           0x00000000   Number         0  islower_o.o ABSOLUTE
    ../clib/microlib/ctype/ctype.c           0x00000000   Number         0  isdigit_o.o ABSOLUTE
    ../clib/microlib/ctype/ctype.c           0x00000000   Number         0  iscntrl_o.o ABSOLUTE
    ../clib/microlib/ctype/ctype.c           0x00000000   Number         0  isblank_o.o ABSOLUTE
    ../clib/microlib/ctype/ctype.c           0x00000000   Number         0  ctype_o.o ABSOLUTE
    ../clib/microlib/ctype/ctype.c           0x00000000   Number         0  isalnum_o.o ABSOLUTE
    ../clib/microlib/ctype/ctype.c           0x00000000   Number         0  isxdigit_o.o ABSOLUTE
    ../clib/microlib/ctype/ctype.c           0x00000000   Number         0  isalpha_o.o ABSOLUTE
    ../clib/microlib/ctype/ctype.c           0x00000000   Number         0  isupper_o.o ABSOLUTE
    ../clib/microlib/ctype/ctype.c           0x00000000   Number         0  isgraph_o.o ABSOLUTE
    ../clib/microlib/division.c              0x00000000   Number         0  uidiv.o ABSOLUTE
    ../clib/microlib/division.c              0x00000000   Number         0  uldiv.o ABSOLUTE
    ../clib/microlib/errno.c                 0x00000000   Number         0  errno.o ABSOLUTE
    ../clib/microlib/init/entry.s            0x00000000   Number         0  entry9a.o ABSOLUTE
    ../clib/microlib/init/entry.s            0x00000000   Number         0  entry8b.o ABSOLUTE
    ../clib/microlib/init/entry.s            0x00000000   Number         0  entry8a.o ABSOLUTE
    ../clib/microlib/init/entry.s            0x00000000   Number         0  entry7b.o ABSOLUTE
    ../clib/microlib/init/entry.s            0x00000000   Number         0  entry7a.o ABSOLUTE
    ../clib/microlib/init/entry.s            0x00000000   Number         0  entry5.o ABSOLUTE
    ../clib/microlib/init/entry.s            0x00000000   Number         0  entry2.o ABSOLUTE
    ../clib/microlib/init/entry.s            0x00000000   Number         0  entry12b.o ABSOLUTE
    ../clib/microlib/init/entry.s            0x00000000   Number         0  entry12a.o ABSOLUTE
    ../clib/microlib/init/entry.s            0x00000000   Number         0  entry11b.o ABSOLUTE
    ../clib/microlib/init/entry.s            0x00000000   Number         0  entry11a.o ABSOLUTE
    ../clib/microlib/init/entry.s            0x00000000   Number         0  entry10b.o ABSOLUTE
    ../clib/microlib/init/entry.s            0x00000000   Number         0  entry.o ABSOLUTE
    ../clib/microlib/init/entry.s            0x00000000   Number         0  entry10a.o ABSOLUTE
    ../clib/microlib/init/entry.s            0x00000000   Number         0  entry9b.o ABSOLUTE
    ../clib/microlib/longlong.c              0x00000000   Number         0  llsshr.o ABSOLUTE
    ../clib/microlib/longlong.c              0x00000000   Number         0  llshl.o ABSOLUTE
    ../clib/microlib/longlong.c              0x00000000   Number         0  llushr.o ABSOLUTE
    ../clib/microlib/printf/printf.c         0x00000000   Number         0  printf7.o ABSOLUTE
    ../clib/microlib/printf/printf.c         0x00000000   Number         0  printf0.o ABSOLUTE
    ../clib/microlib/printf/printf.c         0x00000000   Number         0  printfb.o ABSOLUTE
    ../clib/microlib/printf/printf.c         0x00000000   Number         0  printf6.o ABSOLUTE
    ../clib/microlib/printf/printf.c         0x00000000   Number         0  printf2.o ABSOLUTE
    ../clib/microlib/printf/printf.c         0x00000000   Number         0  printf4.o ABSOLUTE
    ../clib/microlib/printf/printf.c         0x00000000   Number         0  printf5.o ABSOLUTE
    ../clib/microlib/printf/printf.c         0x00000000   Number         0  printf8.o ABSOLUTE
    ../clib/microlib/printf/printf.c         0x00000000   Number         0  printfa.o ABSOLUTE
    ../clib/microlib/printf/printf.c         0x00000000   Number         0  printf3.o ABSOLUTE
    ../clib/microlib/printf/printf.c         0x00000000   Number         0  printf1.o ABSOLUTE
    ../clib/microlib/printf/stubs.s          0x00000000   Number         0  stubs.o ABSOLUTE
    ../clib/microlib/stdio/streams.c         0x00000000   Number         0  stdout.o ABSOLUTE
    ../clib/microlib/string/memset.c         0x00000000   Number         0  memseta.o ABSOLUTE
    ../clib/microlib/stubs.s                 0x00000000   Number         0  iusefp.o ABSOLUTE
    ../clib/scanf.c                          0x00000000   Number         0  _strtoul.o ABSOLUTE
    ../clib/scanf.c                          0x00000000   Number         0  strtol.o ABSOLUTE
    ../clib/scanf.c                          0x00000000   Number         0  atoi.o ABSOLUTE
    ../clib/scanf.c                          0x00000000   Number         0  _chval.o ABSOLUTE
    ../fplib/microlib/d2f.c                  0x00000000   Number         0  d2f.o ABSOLUTE
    ../fplib/microlib/f2d.c                  0x00000000   Number         0  f2d.o ABSOLUTE
    ../fplib/microlib/fpadd.c                0x00000000   Number         0  dadd.o ABSOLUTE
    ../fplib/microlib/fpadd.c                0x00000000   Number         0  fadd.o ABSOLUTE
    ../fplib/microlib/fpdiv.c                0x00000000   Number         0  ddiv.o ABSOLUTE
    ../fplib/microlib/fpepilogue.c           0x00000000   Number         0  depilogue.o ABSOLUTE
    ../fplib/microlib/fpepilogue.c           0x00000000   Number         0  fepilogue.o ABSOLUTE
    ../fplib/microlib/fpfix.c                0x00000000   Number         0  ffixi.o ABSOLUTE
    ../fplib/microlib/fpfix.c                0x00000000   Number         0  dfixul.o ABSOLUTE
    ../fplib/microlib/fpflt.c                0x00000000   Number         0  fflti.o ABSOLUTE
    ../fplib/microlib/fpflt.c                0x00000000   Number         0  dflti.o ABSOLUTE
    ../fplib/microlib/fpmul.c                0x00000000   Number         0  fmul.o ABSOLUTE
    ../fplib/microlib/fpmul.c                0x00000000   Number         0  dmul.o ABSOLUTE
    ..\Drivers\STM32F1xx_HAL_Driver\Src\stm32f1xx_hal.c 0x00000000   Number         0  stm32f1xx_hal.o ABSOLUTE
    ..\Drivers\STM32F1xx_HAL_Driver\Src\stm32f1xx_hal_cortex.c 0x00000000   Number         0  stm32f1xx_hal_cortex.o ABSOLUTE
    ..\Drivers\STM32F1xx_HAL_Driver\Src\stm32f1xx_hal_dma.c 0x00000000   Number         0  stm32f1xx_hal_dma.o ABSOLUTE
    ..\Drivers\STM32F1xx_HAL_Driver\Src\stm32f1xx_hal_flash.c 0x00000000   Number         0  stm32f1xx_hal_flash.o ABSOLUTE
    ..\Drivers\STM32F1xx_HAL_Driver\Src\stm32f1xx_hal_flash_ex.c 0x00000000   Number         0  stm32f1xx_hal_flash_ex.o ABSOLUTE
    ..\Drivers\STM32F1xx_HAL_Driver\Src\stm32f1xx_hal_gpio.c 0x00000000   Number         0  stm32f1xx_hal_gpio.o ABSOLUTE
    ..\Drivers\STM32F1xx_HAL_Driver\Src\stm32f1xx_hal_gpio_ex.c 0x00000000   Number         0  stm32f1xx_hal_gpio_ex.o ABSOLUTE
    ..\Drivers\STM32F1xx_HAL_Driver\Src\stm32f1xx_hal_pwr.c 0x00000000   Number         0  stm32f1xx_hal_pwr.o ABSOLUTE
    ..\Drivers\STM32F1xx_HAL_Driver\Src\stm32f1xx_hal_rcc.c 0x00000000   Number         0  stm32f1xx_hal_rcc.o ABSOLUTE
    ..\Drivers\STM32F1xx_HAL_Driver\Src\stm32f1xx_hal_rcc_ex.c 0x00000000   Number         0  stm32f1xx_hal_rcc_ex.o ABSOLUTE
    ..\Drivers\STM32F1xx_HAL_Driver\Src\stm32f1xx_hal_tim.c 0x00000000   Number         0  stm32f1xx_hal_tim.o ABSOLUTE
    ..\Drivers\STM32F1xx_HAL_Driver\Src\stm32f1xx_hal_tim_ex.c 0x00000000   Number         0  stm32f1xx_hal_tim_ex.o ABSOLUTE
    ..\Drivers\STM32F1xx_HAL_Driver\Src\stm32f1xx_hal_uart.c 0x00000000   Number         0  stm32f1xx_hal_uart.o ABSOLUTE
    ..\Src\main.c                            0x00000000   Number         0  main.o ABSOLUTE
    ..\Src\stm32f1xx_hal_msp.c               0x00000000   Number         0  stm32f1xx_hal_msp.o ABSOLUTE
    ..\Src\stm32f1xx_it.c                    0x00000000   Number         0  stm32f1xx_it.o ABSOLUTE
    ..\Src\system_stm32f1xx.c                0x00000000   Number         0  system_stm32f1xx.o ABSOLUTE
    cdcmple.s                                0x00000000   Number         0  cdcmple.o ABSOLUTE
    cdrcmple.s                               0x00000000   Number         0  cdrcmple.o ABSOLUTE
    cfcmple.s                                0x00000000   Number         0  cfcmple.o ABSOLUTE
    cfrcmple.s                               0x00000000   Number         0  cfrcmple.o ABSOLUTE
    dc.s                                     0x00000000   Number         0  dc.o ABSOLUTE
    handlers.s                               0x00000000   Number         0  handlers.o ABSOLUTE
    init.s                                   0x00000000   Number         0  init.o ABSOLUTE
    startup_stm32f103xe.s                    0x00000000   Number         0  startup_stm32f103xe.o ABSOLUTE
    RESET                                    0x08000000   Section      304  startup_stm32f103xe.o(RESET)
    .ARM.Collect$$$$00000000                 0x08000130   Section        0  entry.o(.ARM.Collect$$$$00000000)
    .ARM.Collect$$$$00000001                 0x08000130   Section        4  entry2.o(.ARM.Collect$$$$00000001)
    .ARM.Collect$$$$00000004                 0x08000134   Section        4  entry5.o(.ARM.Collect$$$$00000004)
    .ARM.Collect$$$$00000008                 0x08000138   Section        0  entry7b.o(.ARM.Collect$$$$00000008)
    .ARM.Collect$$$$0000000A                 0x08000138   Section        0  entry8b.o(.ARM.Collect$$$$0000000A)
    .ARM.Collect$$$$0000000B                 0x08000138   Section        8  entry9a.o(.ARM.Collect$$$$0000000B)
    .ARM.Collect$$$$0000000E                 0x08000140   Section        4  entry12b.o(.ARM.Collect$$$$0000000E)
    .ARM.Collect$$$$0000000F                 0x08000144   Section        0  entry10a.o(.ARM.Collect$$$$0000000F)
    .ARM.Collect$$$$00000011                 0x08000144   Section        0  entry11a.o(.ARM.Collect$$$$00000011)
    .ARM.Collect$$$$00002712                 0x08000144   Section        4  entry2.o(.ARM.Collect$$$$00002712)
    __lit__00000000                          0x08000144   Data           4  entry2.o(.ARM.Collect$$$$00002712)
    .text                                    0x08000148   Section       36  startup_stm32f103xe.o(.text)
    .text                                    0x0800016c   Section        0  llushr.o(.text)
    .text                                    0x0800018c   Section        0  memseta.o(.text)
    .text                                    0x080001b0   Section        0  atoi.o(.text)
    .text                                    0x080001ca   Section        0  fadd.o(.text)
    .text                                    0x0800027a   Section        0  fmul.o(.text)
    .text                                    0x080002de   Section        0  dadd.o(.text)
    .text                                    0x0800042c   Section        0  dmul.o(.text)
    .text                                    0x08000510   Section        0  ddiv.o(.text)
    .text                                    0x080005ee   Section        0  fflti.o(.text)
    .text                                    0x08000600   Section        0  dflti.o(.text)
    .text                                    0x08000622   Section        0  ffixi.o(.text)
    .text                                    0x08000654   Section        0  f2d.o(.text)
    .text                                    0x0800067c   Section       48  cdcmple.o(.text)
    .text                                    0x080006ac   Section       48  cdrcmple.o(.text)
    .text                                    0x080006dc   Section        0  d2f.o(.text)
    .text                                    0x08000714   Section       20  cfcmple.o(.text)
    .text                                    0x08000728   Section       20  cfrcmple.o(.text)
    .text                                    0x0800073c   Section        0  uidiv.o(.text)
    .text                                    0x08000768   Section        0  uldiv.o(.text)
    .text                                    0x080007ca   Section        0  llshl.o(.text)
    .text                                    0x080007e8   Section        0  llsshr.o(.text)
    .text                                    0x0800080c   Section        0  strtol.o(.text)
    .text                                    0x0800087c   Section        0  iusefp.o(.text)
    .text                                    0x0800087c   Section        0  fepilogue.o(.text)
    .text                                    0x080008ea   Section        0  depilogue.o(.text)
    .text                                    0x080009a4   Section        0  dfixul.o(.text)
    .text                                    0x080009d4   Section       36  init.o(.text)
    .text                                    0x080009f8   Section        0  ctype_o.o(.text)
    .text                                    0x08000a00   Section        0  _strtoul.o(.text)
    .text                                    0x08000a9e   Section        0  _chval.o(.text)
    i.BusFault_Handler                       0x08000aba   Section        0  stm32f1xx_it.o(i.BusFault_Handler)
    i.DebugMon_Handler                       0x08000abc   Section        0  stm32f1xx_it.o(i.DebugMon_Handler)
    i.EXTI4_IRQHandler                       0x08000ac0   Section        0  main.o(i.EXTI4_IRQHandler)
    i.EXTI9_5_IRQHandler                     0x08000b58   Section        0  main.o(i.EXTI9_5_IRQHandler)
    i.HAL_DMA_Abort_IT                       0x08000bf0   Section        0  stm32f1xx_hal_dma.o(i.HAL_DMA_Abort_IT)
    i.HAL_GPIO_EXTI_Callback                 0x08000d64   Section        0  stm32f1xx_hal_gpio.o(i.HAL_GPIO_EXTI_Callback)
    i.HAL_GPIO_EXTI_IRQHandler               0x08000d68   Section        0  stm32f1xx_hal_gpio.o(i.HAL_GPIO_EXTI_IRQHandler)
    i.HAL_GPIO_Init                          0x08000d80   Section        0  stm32f1xx_hal_gpio.o(i.HAL_GPIO_Init)
    i.HAL_GPIO_ReadPin                       0x08000f8c   Section        0  stm32f1xx_hal_gpio.o(i.HAL_GPIO_ReadPin)
    i.HAL_GPIO_WritePin                      0x08000f9a   Section        0  stm32f1xx_hal_gpio.o(i.HAL_GPIO_WritePin)
    i.HAL_GetTick                            0x08000fa8   Section        0  stm32f1xx_hal.o(i.HAL_GetTick)
    i.HAL_IncTick                            0x08000fb4   Section        0  stm32f1xx_hal.o(i.HAL_IncTick)
    i.HAL_Init                               0x08000fc4   Section        0  stm32f1xx_hal.o(i.HAL_Init)
    i.HAL_InitTick                           0x08000fe8   Section        0  stm32f1xx_hal.o(i.HAL_InitTick)
    i.HAL_MspInit                            0x0800102c   Section        0  stm32f1xx_hal_msp.o(i.HAL_MspInit)
    i.HAL_NVIC_EnableIRQ                     0x08001068   Section        0  stm32f1xx_hal_cortex.o(i.HAL_NVIC_EnableIRQ)
    i.HAL_NVIC_SetPriority                   0x08001080   Section        0  stm32f1xx_hal_cortex.o(i.HAL_NVIC_SetPriority)
    i.HAL_NVIC_SetPriorityGrouping           0x080010e8   Section        0  stm32f1xx_hal_cortex.o(i.HAL_NVIC_SetPriorityGrouping)
    i.HAL_RCC_ClockConfig                    0x0800110c   Section        0  stm32f1xx_hal_rcc.o(i.HAL_RCC_ClockConfig)
    i.HAL_RCC_GetHCLKFreq                    0x080012c8   Section        0  stm32f1xx_hal_rcc.o(i.HAL_RCC_GetHCLKFreq)
    i.HAL_RCC_GetPCLK1Freq                   0x080012d4   Section        0  stm32f1xx_hal_rcc.o(i.HAL_RCC_GetPCLK1Freq)
    i.HAL_RCC_GetPCLK2Freq                   0x080012f4   Section        0  stm32f1xx_hal_rcc.o(i.HAL_RCC_GetPCLK2Freq)
    i.HAL_RCC_GetSysClockFreq                0x08001314   Section        0  stm32f1xx_hal_rcc.o(i.HAL_RCC_GetSysClockFreq)
    i.HAL_RCC_OscConfig                      0x0800138c   Section        0  stm32f1xx_hal_rcc.o(i.HAL_RCC_OscConfig)
    i.HAL_SYSTICK_Config                     0x0800178c   Section        0  stm32f1xx_hal_cortex.o(i.HAL_SYSTICK_Config)
    i.HAL_TIMEx_BreakCallback                0x080017b4   Section        0  stm32f1xx_hal_tim_ex.o(i.HAL_TIMEx_BreakCallback)
    i.HAL_TIMEx_CommutationCallback          0x080017b6   Section        0  stm32f1xx_hal_tim_ex.o(i.HAL_TIMEx_CommutationCallback)
    i.HAL_TIMEx_MasterConfigSynchronization  0x080017b8   Section        0  stm32f1xx_hal_tim_ex.o(i.HAL_TIMEx_MasterConfigSynchronization)
    i.HAL_TIM_Base_Init                      0x0800181e   Section        0  stm32f1xx_hal_tim.o(i.HAL_TIM_Base_Init)
    i.HAL_TIM_Base_MspInit                   0x08001858   Section        0  stm32f1xx_hal_msp.o(i.HAL_TIM_Base_MspInit)
    i.HAL_TIM_Base_Start_IT                  0x080018bc   Section        0  stm32f1xx_hal_tim.o(i.HAL_TIM_Base_Start_IT)
    i.HAL_TIM_ConfigClockSource              0x080018d4   Section        0  stm32f1xx_hal_tim.o(i.HAL_TIM_ConfigClockSource)
    i.HAL_TIM_IC_CaptureCallback             0x080019e4   Section        0  stm32f1xx_hal_tim.o(i.HAL_TIM_IC_CaptureCallback)
    i.HAL_TIM_IRQHandler                     0x080019e6   Section        0  stm32f1xx_hal_tim.o(i.HAL_TIM_IRQHandler)
    i.HAL_TIM_MspPostInit                    0x08001b5c   Section        0  stm32f1xx_hal_msp.o(i.HAL_TIM_MspPostInit)
    i.HAL_TIM_OC_DelayElapsedCallback        0x08001bf8   Section        0  stm32f1xx_hal_tim.o(i.HAL_TIM_OC_DelayElapsedCallback)
    i.HAL_TIM_PWM_ConfigChannel              0x08001bfa   Section        0  stm32f1xx_hal_tim.o(i.HAL_TIM_PWM_ConfigChannel)
    i.HAL_TIM_PWM_Init                       0x08001cd6   Section        0  stm32f1xx_hal_tim.o(i.HAL_TIM_PWM_Init)
    i.HAL_TIM_PWM_MspInit                    0x08001d10   Section        0  stm32f1xx_hal_msp.o(i.HAL_TIM_PWM_MspInit)
    i.HAL_TIM_PWM_PulseFinishedCallback      0x08001d4c   Section        0  stm32f1xx_hal_tim.o(i.HAL_TIM_PWM_PulseFinishedCallback)
    i.HAL_TIM_PWM_Start                      0x08001d4e   Section        0  stm32f1xx_hal_tim.o(i.HAL_TIM_PWM_Start)
    i.HAL_TIM_PeriodElapsedCallback          0x08001d88   Section        0  main.o(i.HAL_TIM_PeriodElapsedCallback)
    i.HAL_TIM_TriggerCallback                0x08001ea8   Section        0  stm32f1xx_hal_tim.o(i.HAL_TIM_TriggerCallback)
    i.HAL_UART_ErrorCallback                 0x08001eaa   Section        0  stm32f1xx_hal_uart.o(i.HAL_UART_ErrorCallback)
    i.HAL_UART_IRQHandler                    0x08001eac   Section        0  stm32f1xx_hal_uart.o(i.HAL_UART_IRQHandler)
    i.HAL_UART_Init                          0x08001fe4   Section        0  stm32f1xx_hal_uart.o(i.HAL_UART_Init)
    i.HAL_UART_MspInit                       0x08002048   Section        0  stm32f1xx_hal_msp.o(i.HAL_UART_MspInit)
    i.HAL_UART_Receive_IT                    0x080020c8   Section        0  stm32f1xx_hal_uart.o(i.HAL_UART_Receive_IT)
    i.HAL_UART_RxCpltCallback                0x08002120   Section        0  main.o(i.HAL_UART_RxCpltCallback)
    i.HAL_UART_Transmit                      0x08002258   Section        0  stm32f1xx_hal_uart.o(i.HAL_UART_Transmit)
    i.HAL_UART_TxCpltCallback                0x08002334   Section        0  stm32f1xx_hal_uart.o(i.HAL_UART_TxCpltCallback)
    i.HardFault_Handler                      0x08002336   Section        0  stm32f1xx_it.o(i.HardFault_Handler)
    i.MX_GPIO_Init                           0x08002338   Section        0  main.o(i.MX_GPIO_Init)
    MX_GPIO_Init                             0x08002339   Thumb Code   152  main.o(i.MX_GPIO_Init)
    i.MX_TIM2_Init                           0x080023e0   Section        0  main.o(i.MX_TIM2_Init)
    MX_TIM2_Init                             0x080023e1   Thumb Code    86  main.o(i.MX_TIM2_Init)
    i.MX_TIM3_Init                           0x0800243c   Section        0  main.o(i.MX_TIM3_Init)
    MX_TIM3_Init                             0x0800243d   Thumb Code    84  main.o(i.MX_TIM3_Init)
    i.MX_TIM4_Init                           0x08002498   Section        0  main.o(i.MX_TIM4_Init)
    MX_TIM4_Init                             0x08002499   Thumb Code    74  main.o(i.MX_TIM4_Init)
    i.MX_TIM5_Init                           0x080024ec   Section        0  main.o(i.MX_TIM5_Init)
    MX_TIM5_Init                             0x080024ed   Thumb Code    74  main.o(i.MX_TIM5_Init)
    i.MemManage_Handler                      0x08002540   Section        0  stm32f1xx_it.o(i.MemManage_Handler)
    i.NMI_Handler                            0x08002542   Section        0  stm32f1xx_it.o(i.NMI_Handler)
    i.PIDVel_AntiWindup                      0x08002544   Section        0  main.o(i.PIDVel_AntiWindup)
    i.PendSV_Handler                         0x08002634   Section        0  stm32f1xx_it.o(i.PendSV_Handler)
    i.RCC_Delay                              0x08002638   Section        0  stm32f1xx_hal_rcc.o(i.RCC_Delay)
    RCC_Delay                                0x08002639   Thumb Code    32  stm32f1xx_hal_rcc.o(i.RCC_Delay)
    i.SVC_Handler                            0x0800265c   Section        0  stm32f1xx_it.o(i.SVC_Handler)
    i.SysTick_Handler                        0x0800265e   Section        0  stm32f1xx_it.o(i.SysTick_Handler)
    i.SystemClock_Config                     0x08002662   Section        0  main.o(i.SystemClock_Config)
    i.SystemInit                             0x080026b0   Section        0  system_stm32f1xx.o(i.SystemInit)
    i.TIM4_IRQHandler                        0x080026f8   Section        0  stm32f1xx_it.o(i.TIM4_IRQHandler)
    i.TIM5_IRQHandler                        0x08002704   Section        0  stm32f1xx_it.o(i.TIM5_IRQHandler)
    i.TIM_Base_SetConfig                     0x08002710   Section        0  stm32f1xx_hal_tim.o(i.TIM_Base_SetConfig)
    i.TIM_CCxChannelCmd                      0x080027a0   Section        0  stm32f1xx_hal_tim.o(i.TIM_CCxChannelCmd)
    i.TIM_ETR_SetConfig                      0x080027ba   Section        0  stm32f1xx_hal_tim.o(i.TIM_ETR_SetConfig)
    TIM_ETR_SetConfig                        0x080027bb   Thumb Code    22  stm32f1xx_hal_tim.o(i.TIM_ETR_SetConfig)
    i.TIM_ITRx_SetConfig                     0x080027d0   Section        0  stm32f1xx_hal_tim.o(i.TIM_ITRx_SetConfig)
    TIM_ITRx_SetConfig                       0x080027d1   Thumb Code    16  stm32f1xx_hal_tim.o(i.TIM_ITRx_SetConfig)
    i.TIM_OC1_SetConfig                      0x080027e0   Section        0  stm32f1xx_hal_tim.o(i.TIM_OC1_SetConfig)
    TIM_OC1_SetConfig                        0x080027e1   Thumb Code   104  stm32f1xx_hal_tim.o(i.TIM_OC1_SetConfig)
    i.TIM_OC2_SetConfig                      0x08002850   Section        0  stm32f1xx_hal_tim.o(i.TIM_OC2_SetConfig)
    i.TIM_OC3_SetConfig                      0x080028c8   Section        0  stm32f1xx_hal_tim.o(i.TIM_OC3_SetConfig)
    TIM_OC3_SetConfig                        0x080028c9   Thumb Code   112  stm32f1xx_hal_tim.o(i.TIM_OC3_SetConfig)
    i.TIM_OC4_SetConfig                      0x08002940   Section        0  stm32f1xx_hal_tim.o(i.TIM_OC4_SetConfig)
    TIM_OC4_SetConfig                        0x08002941   Thumb Code    88  stm32f1xx_hal_tim.o(i.TIM_OC4_SetConfig)
    i.TIM_TI1_ConfigInputStage               0x08002998   Section        0  stm32f1xx_hal_tim.o(i.TIM_TI1_ConfigInputStage)
    TIM_TI1_ConfigInputStage                 0x08002999   Thumb Code    38  stm32f1xx_hal_tim.o(i.TIM_TI1_ConfigInputStage)
    i.TIM_TI2_ConfigInputStage               0x080029be   Section        0  stm32f1xx_hal_tim.o(i.TIM_TI2_ConfigInputStage)
    TIM_TI2_ConfigInputStage                 0x080029bf   Thumb Code    36  stm32f1xx_hal_tim.o(i.TIM_TI2_ConfigInputStage)
    i.UART_DMAAbortOnError                   0x080029e2   Section        0  stm32f1xx_hal_uart.o(i.UART_DMAAbortOnError)
    UART_DMAAbortOnError                     0x080029e3   Thumb Code    16  stm32f1xx_hal_uart.o(i.UART_DMAAbortOnError)
    i.UART_EndRxTransfer                     0x080029f2   Section        0  stm32f1xx_hal_uart.o(i.UART_EndRxTransfer)
    UART_EndRxTransfer                       0x080029f3   Thumb Code    28  stm32f1xx_hal_uart.o(i.UART_EndRxTransfer)
    i.UART_EndTransmit_IT                    0x08002a0e   Section        0  stm32f1xx_hal_uart.o(i.UART_EndTransmit_IT)
    UART_EndTransmit_IT                      0x08002a0f   Thumb Code    26  stm32f1xx_hal_uart.o(i.UART_EndTransmit_IT)
    i.UART_Receive_IT                        0x08002a28   Section        0  stm32f1xx_hal_uart.o(i.UART_Receive_IT)
    UART_Receive_IT                          0x08002a29   Thumb Code   156  stm32f1xx_hal_uart.o(i.UART_Receive_IT)
    i.UART_SetConfig                         0x08002ac4   Section        0  stm32f1xx_hal_uart.o(i.UART_SetConfig)
    UART_SetConfig                           0x08002ac5   Thumb Code   432  stm32f1xx_hal_uart.o(i.UART_SetConfig)
    i.UART_Transmit_IT                       0x08002c78   Section        0  stm32f1xx_hal_uart.o(i.UART_Transmit_IT)
    UART_Transmit_IT                         0x08002c79   Thumb Code   102  stm32f1xx_hal_uart.o(i.UART_Transmit_IT)
    i.UART_WaitOnFlagUntilTimeout            0x08002cde   Section        0  stm32f1xx_hal_uart.o(i.UART_WaitOnFlagUntilTimeout)
    UART_WaitOnFlagUntilTimeout              0x08002cdf   Thumb Code   120  stm32f1xx_hal_uart.o(i.UART_WaitOnFlagUntilTimeout)
    i.USART1_IRQHandler                      0x08002d58   Section        0  stm32f1xx_it.o(i.USART1_IRQHandler)
    i.UsageFault_Handler                     0x08002d64   Section        0  stm32f1xx_it.o(i.UsageFault_Handler)
    i.__0printf                              0x08002d68   Section        0  printfa.o(i.__0printf)
    i.__aeabi_errno_addr                     0x08002d88   Section        0  errno.o(i.__aeabi_errno_addr)
    i.__scatterload_copy                     0x08002d90   Section       14  handlers.o(i.__scatterload_copy)
    i.__scatterload_null                     0x08002d9e   Section        2  handlers.o(i.__scatterload_null)
    i.__scatterload_zeroinit                 0x08002da0   Section       14  handlers.o(i.__scatterload_zeroinit)
    i._fp_digits                             0x08002db0   Section        0  printfa.o(i._fp_digits)
    _fp_digits                               0x08002db1   Thumb Code   366  printfa.o(i._fp_digits)
    i._printf_core                           0x08002f34   Section        0  printfa.o(i._printf_core)
    _printf_core                             0x08002f35   Thumb Code  1704  printfa.o(i._printf_core)
    i._printf_post_padding                   0x080035e8   Section        0  printfa.o(i._printf_post_padding)
    _printf_post_padding                     0x080035e9   Thumb Code    36  printfa.o(i._printf_post_padding)
    i._printf_pre_padding                    0x0800360c   Section        0  printfa.o(i._printf_pre_padding)
    _printf_pre_padding                      0x0800360d   Thumb Code    46  printfa.o(i._printf_pre_padding)
    i.fputc                                  0x0800363c   Section        0  main.o(i.fputc)
    i.main                                   0x08003654   Section        0  main.o(i.main)
    .constdata                               0x080036d0   Section       16  system_stm32f1xx.o(.constdata)
    .constdata                               0x080036e0   Section        8  system_stm32f1xx.o(.constdata)
    .constdata                               0x080036e8   Section      129  ctype_o.o(.constdata)
    .constdata                               0x0800376c   Section        4  ctype_o.o(.constdata)
    table                                    0x0800376c   Data           4  ctype_o.o(.constdata)
    .data                                    0x20000000   Section       80  main.o(.data)
    err_p                                    0x2000001c   Data           4  main.o(.data)
    ui_p                                     0x20000020   Data           4  main.o(.data)
    err_p                                    0x20000024   Data           4  main.o(.data)
    ui_p                                     0x20000028   Data           4  main.o(.data)
    e_reset                                  0x2000002c   Data           4  main.o(.data)
    .data                                    0x20000050   Section        4  system_stm32f1xx.o(.data)
    .data                                    0x20000054   Section       12  stm32f1xx_hal.o(.data)
    .data                                    0x20000060   Section        4  stdout.o(.data)
    .data                                    0x20000064   Section        4  errno.o(.data)
    _errno                                   0x20000064   Data           4  errno.o(.data)
    .bss                                     0x20000068   Section      340  main.o(.bss)
    STACK                                    0x200001c0   Section     1024  startup_stm32f103xe.o(STACK)

    Global Symbols

    Symbol Name                              Value     Ov Type        Size  Object(Section)

    BuildAttributes$$THM_ISAv4$P$D$K$B$S$PE$A:L22UL41UL21$X:L11$S22US41US21$IEEE1$IW$USESV6$~STKCKD$USESV7$~SHL$OTIME$ROPI$EBA8$MICROLIB$REQ8$PRES8$EABIv2 0x00000000   Number         0  anon$$obj.o ABSOLUTE
    __ARM_use_no_argv                        0x00000000   Number         0  main.o ABSOLUTE
    _printf_a                                0x00000000   Number         0  stubs.o ABSOLUTE
    _printf_c                                0x00000000   Number         0  stubs.o ABSOLUTE
    _printf_charcount                        0x00000000   Number         0  stubs.o ABSOLUTE
    _printf_d                                0x00000000   Number         0  stubs.o ABSOLUTE
    _printf_e                                0x00000000   Number         0  stubs.o ABSOLUTE
    _printf_f                                0x00000000   Number         0  stubs.o ABSOLUTE
    _printf_flags                            0x00000000   Number         0  stubs.o ABSOLUTE
    _printf_fp_dec                           0x00000000   Number         0  stubs.o ABSOLUTE
    _printf_fp_hex                           0x00000000   Number         0  stubs.o ABSOLUTE
    _printf_g                                0x00000000   Number         0  stubs.o ABSOLUTE
    _printf_i                                0x00000000   Number         0  stubs.o ABSOLUTE
    _printf_int_dec                          0x00000000   Number         0  stubs.o ABSOLUTE
    _printf_l                                0x00000000   Number         0  stubs.o ABSOLUTE
    _printf_lc                               0x00000000   Number         0  stubs.o ABSOLUTE
    _printf_ll                               0x00000000   Number         0  stubs.o ABSOLUTE
    _printf_lld                              0x00000000   Number         0  stubs.o ABSOLUTE
    _printf_lli                              0x00000000   Number         0  stubs.o ABSOLUTE
    _printf_llo                              0x00000000   Number         0  stubs.o ABSOLUTE
    _printf_llu                              0x00000000   Number         0  stubs.o ABSOLUTE
    _printf_llx                              0x00000000   Number         0  stubs.o ABSOLUTE
    _printf_longlong_dec                     0x00000000   Number         0  stubs.o ABSOLUTE
    _printf_longlong_hex                     0x00000000   Number         0  stubs.o ABSOLUTE
    _printf_longlong_oct                     0x00000000   Number         0  stubs.o ABSOLUTE
    _printf_ls                               0x00000000   Number         0  stubs.o ABSOLUTE
    _printf_mbtowc                           0x00000000   Number         0  stubs.o ABSOLUTE
    _printf_n                                0x00000000   Number         0  stubs.o ABSOLUTE
    _printf_o                                0x00000000   Number         0  stubs.o ABSOLUTE
    _printf_p                                0x00000000   Number         0  stubs.o ABSOLUTE
    _printf_percent                          0x00000000   Number         0  stubs.o ABSOLUTE
    _printf_pre_padding                      0x00000000   Number         0  stubs.o ABSOLUTE
    _printf_return_value                     0x00000000   Number         0  stubs.o ABSOLUTE
    _printf_s                                0x00000000   Number         0  stubs.o ABSOLUTE
    _printf_sizespec                         0x00000000   Number         0  stubs.o ABSOLUTE
    _printf_str                              0x00000000   Number         0  stubs.o ABSOLUTE
    _printf_truncate_signed                  0x00000000   Number         0  stubs.o ABSOLUTE
    _printf_truncate_unsigned                0x00000000   Number         0  stubs.o ABSOLUTE
    _printf_u                                0x00000000   Number         0  stubs.o ABSOLUTE
    _printf_wc                               0x00000000   Number         0  stubs.o ABSOLUTE
    _printf_wctomb                           0x00000000   Number         0  stubs.o ABSOLUTE
    _printf_widthprec                        0x00000000   Number         0  stubs.o ABSOLUTE
    _printf_x                                0x00000000   Number         0  stubs.o ABSOLUTE
    __arm_fini_                               - Undefined Weak Reference
    __cpp_initialize__aeabi_                  - Undefined Weak Reference
    __cxa_finalize                            - Undefined Weak Reference
    __decompress                              - Undefined Weak Reference
    _clock_init                               - Undefined Weak Reference
    _microlib_exit                            - Undefined Weak Reference
    __Vectors_Size                           0x00000130   Number         0  startup_stm32f103xe.o ABSOLUTE
    __Vectors                                0x08000000   Data           4  startup_stm32f103xe.o(RESET)
    __Vectors_End                            0x08000130   Data           0  startup_stm32f103xe.o(RESET)
    __main                                   0x08000131   Thumb Code     0  entry.o(.ARM.Collect$$$$00000000)
    _main_stk                                0x08000131   Thumb Code     0  entry2.o(.ARM.Collect$$$$00000001)
    _main_scatterload                        0x08000135   Thumb Code     0  entry5.o(.ARM.Collect$$$$00000004)
    __main_after_scatterload                 0x08000139   Thumb Code     0  entry5.o(.ARM.Collect$$$$00000004)
    _main_clock                              0x08000139   Thumb Code     0  entry7b.o(.ARM.Collect$$$$00000008)
    _main_cpp_init                           0x08000139   Thumb Code     0  entry8b.o(.ARM.Collect$$$$0000000A)
    _main_init                               0x08000139   Thumb Code     0  entry9a.o(.ARM.Collect$$$$0000000B)
    __rt_lib_shutdown_fini                   0x08000141   Thumb Code     0  entry12b.o(.ARM.Collect$$$$0000000E)
    __rt_final_cpp                           0x08000145   Thumb Code     0  entry10a.o(.ARM.Collect$$$$0000000F)
    __rt_final_exit                          0x08000145   Thumb Code     0  entry11a.o(.ARM.Collect$$$$00000011)
    Reset_Handler                            0x08000149   Thumb Code     8  startup_stm32f103xe.o(.text)
    ADC1_2_IRQHandler                        0x08000163   Thumb Code     0  startup_stm32f103xe.o(.text)
    ADC3_IRQHandler                          0x08000163   Thumb Code     0  startup_stm32f103xe.o(.text)
    CAN1_RX1_IRQHandler                      0x08000163   Thumb Code     0  startup_stm32f103xe.o(.text)
    CAN1_SCE_IRQHandler                      0x08000163   Thumb Code     0  startup_stm32f103xe.o(.text)
    DMA1_Channel1_IRQHandler                 0x08000163   Thumb Code     0  startup_stm32f103xe.o(.text)
    DMA1_Channel2_IRQHandler                 0x08000163   Thumb Code     0  startup_stm32f103xe.o(.text)
    DMA1_Channel3_IRQHandler                 0x08000163   Thumb Code     0  startup_stm32f103xe.o(.text)
    DMA1_Channel4_IRQHandler                 0x08000163   Thumb Code     0  startup_stm32f103xe.o(.text)
    DMA1_Channel5_IRQHandler                 0x08000163   Thumb Code     0  startup_stm32f103xe.o(.text)
    DMA1_Channel6_IRQHandler                 0x08000163   Thumb Code     0  startup_stm32f103xe.o(.text)
    DMA1_Channel7_IRQHandler                 0x08000163   Thumb Code     0  startup_stm32f103xe.o(.text)
    DMA2_Channel1_IRQHandler                 0x08000163   Thumb Code     0  startup_stm32f103xe.o(.text)
    DMA2_Channel2_IRQHandler                 0x08000163   Thumb Code     0  startup_stm32f103xe.o(.text)
    DMA2_Channel3_IRQHandler                 0x08000163   Thumb Code     0  startup_stm32f103xe.o(.text)
    DMA2_Channel4_5_IRQHandler               0x08000163   Thumb Code     0  startup_stm32f103xe.o(.text)
    EXTI0_IRQHandler                         0x08000163   Thumb Code     0  startup_stm32f103xe.o(.text)
    EXTI15_10_IRQHandler                     0x08000163   Thumb Code     0  startup_stm32f103xe.o(.text)
    EXTI1_IRQHandler                         0x08000163   Thumb Code     0  startup_stm32f103xe.o(.text)
    EXTI2_IRQHandler                         0x08000163   Thumb Code     0  startup_stm32f103xe.o(.text)
    EXTI3_IRQHandler                         0x08000163   Thumb Code     0  startup_stm32f103xe.o(.text)
    FLASH_IRQHandler                         0x08000163   Thumb Code     0  startup_stm32f103xe.o(.text)
    FSMC_IRQHandler                          0x08000163   Thumb Code     0  startup_stm32f103xe.o(.text)
    I2C1_ER_IRQHandler                       0x08000163   Thumb Code     0  startup_stm32f103xe.o(.text)
    I2C1_EV_IRQHandler                       0x08000163   Thumb Code     0  startup_stm32f103xe.o(.text)
    I2C2_ER_IRQHandler                       0x08000163   Thumb Code     0  startup_stm32f103xe.o(.text)
    I2C2_EV_IRQHandler                       0x08000163   Thumb Code     0  startup_stm32f103xe.o(.text)
    PVD_IRQHandler                           0x08000163   Thumb Code     0  startup_stm32f103xe.o(.text)
    RCC_IRQHandler                           0x08000163   Thumb Code     0  startup_stm32f103xe.o(.text)
    RTC_Alarm_IRQHandler                     0x08000163   Thumb Code     0  startup_stm32f103xe.o(.text)
    RTC_IRQHandler                           0x08000163   Thumb Code     0  startup_stm32f103xe.o(.text)
    SDIO_IRQHandler                          0x08000163   Thumb Code     0  startup_stm32f103xe.o(.text)
    SPI1_IRQHandler                          0x08000163   Thumb Code     0  startup_stm32f103xe.o(.text)
    SPI2_IRQHandler                          0x08000163   Thumb Code     0  startup_stm32f103xe.o(.text)
    SPI3_IRQHandler                          0x08000163   Thumb Code     0  startup_stm32f103xe.o(.text)
    TAMPER_IRQHandler                        0x08000163   Thumb Code     0  startup_stm32f103xe.o(.text)
    TIM1_BRK_IRQHandler                      0x08000163   Thumb Code     0  startup_stm32f103xe.o(.text)
    TIM1_CC_IRQHandler                       0x08000163   Thumb Code     0  startup_stm32f103xe.o(.text)
    TIM1_TRG_COM_IRQHandler                  0x08000163   Thumb Code     0  startup_stm32f103xe.o(.text)
    TIM1_UP_IRQHandler                       0x08000163   Thumb Code     0  startup_stm32f103xe.o(.text)
    TIM2_IRQHandler                          0x08000163   Thumb Code     0  startup_stm32f103xe.o(.text)
    TIM3_IRQHandler                          0x08000163   Thumb Code     0  startup_stm32f103xe.o(.text)
    TIM6_IRQHandler                          0x08000163   Thumb Code     0  startup_stm32f103xe.o(.text)
    TIM7_IRQHandler                          0x08000163   Thumb Code     0  startup_stm32f103xe.o(.text)
    TIM8_BRK_IRQHandler                      0x08000163   Thumb Code     0  startup_stm32f103xe.o(.text)
    TIM8_CC_IRQHandler                       0x08000163   Thumb Code     0  startup_stm32f103xe.o(.text)
    TIM8_TRG_COM_IRQHandler                  0x08000163   Thumb Code     0  startup_stm32f103xe.o(.text)
    TIM8_UP_IRQHandler                       0x08000163   Thumb Code     0  startup_stm32f103xe.o(.text)
    UART4_IRQHandler                         0x08000163   Thumb Code     0  startup_stm32f103xe.o(.text)
    UART5_IRQHandler                         0x08000163   Thumb Code     0  startup_stm32f103xe.o(.text)
    USART2_IRQHandler                        0x08000163   Thumb Code     0  startup_stm32f103xe.o(.text)
    USART3_IRQHandler                        0x08000163   Thumb Code     0  startup_stm32f103xe.o(.text)
    USBWakeUp_IRQHandler                     0x08000163   Thumb Code     0  startup_stm32f103xe.o(.text)
    USB_HP_CAN1_TX_IRQHandler                0x08000163   Thumb Code     0  startup_stm32f103xe.o(.text)
    USB_LP_CAN1_RX0_IRQHandler               0x08000163   Thumb Code     0  startup_stm32f103xe.o(.text)
    WWDG_IRQHandler                          0x08000163   Thumb Code     0  startup_stm32f103xe.o(.text)
    __aeabi_llsr                             0x0800016d   Thumb Code    32  llushr.o(.text)
    _ll_ushift_r                             0x0800016d   Thumb Code     0  llushr.o(.text)
    __aeabi_memset                           0x0800018d   Thumb Code    14  memseta.o(.text)
    __aeabi_memset4                          0x0800018d   Thumb Code     0  memseta.o(.text)
    __aeabi_memset8                          0x0800018d   Thumb Code     0  memseta.o(.text)
    __aeabi_memclr                           0x0800019b   Thumb Code     4  memseta.o(.text)
    __aeabi_memclr4                          0x0800019b   Thumb Code     0  memseta.o(.text)
    __aeabi_memclr8                          0x0800019b   Thumb Code     0  memseta.o(.text)
    _memset$wrapper                          0x0800019f   Thumb Code    18  memseta.o(.text)
    atoi                                     0x080001b1   Thumb Code    26  atoi.o(.text)
    __aeabi_fadd                             0x080001cb   Thumb Code   164  fadd.o(.text)
    __aeabi_fsub                             0x0800026f   Thumb Code     6  fadd.o(.text)
    __aeabi_frsub                            0x08000275   Thumb Code     6  fadd.o(.text)
    __aeabi_fmul                             0x0800027b   Thumb Code   100  fmul.o(.text)
    __aeabi_dadd                             0x080002df   Thumb Code   322  dadd.o(.text)
    __aeabi_dsub                             0x08000421   Thumb Code     6  dadd.o(.text)
    __aeabi_drsub                            0x08000427   Thumb Code     6  dadd.o(.text)
    __aeabi_dmul                             0x0800042d   Thumb Code   228  dmul.o(.text)
    __aeabi_ddiv                             0x08000511   Thumb Code   222  ddiv.o(.text)
    __aeabi_i2f                              0x080005ef   Thumb Code    18  fflti.o(.text)
    __aeabi_i2d                              0x08000601   Thumb Code    34  dflti.o(.text)
    __aeabi_f2iz                             0x08000623   Thumb Code    50  ffixi.o(.text)
    __aeabi_f2d                              0x08000655   Thumb Code    38  f2d.o(.text)
    __aeabi_cdcmpeq                          0x0800067d   Thumb Code     0  cdcmple.o(.text)
    __aeabi_cdcmple                          0x0800067d   Thumb Code    48  cdcmple.o(.text)
    __aeabi_cdrcmple                         0x080006ad   Thumb Code    48  cdrcmple.o(.text)
    __aeabi_d2f                              0x080006dd   Thumb Code    56  d2f.o(.text)
    __aeabi_cfcmpeq                          0x08000715   Thumb Code     0  cfcmple.o(.text)
    __aeabi_cfcmple                          0x08000715   Thumb Code    20  cfcmple.o(.text)
    __aeabi_cfrcmple                         0x08000729   Thumb Code    20  cfrcmple.o(.text)
    __aeabi_uidiv                            0x0800073d   Thumb Code     0  uidiv.o(.text)
    __aeabi_uidivmod                         0x0800073d   Thumb Code    44  uidiv.o(.text)
    __aeabi_uldivmod                         0x08000769   Thumb Code    98  uldiv.o(.text)
    __aeabi_llsl                             0x080007cb   Thumb Code    30  llshl.o(.text)
    _ll_shift_l                              0x080007cb   Thumb Code     0  llshl.o(.text)
    __aeabi_lasr                             0x080007e9   Thumb Code    36  llsshr.o(.text)
    _ll_sshift_r                             0x080007e9   Thumb Code     0  llsshr.o(.text)
    strtol                                   0x0800080d   Thumb Code   112  strtol.o(.text)
    __I$use$fp                               0x0800087d   Thumb Code     0  iusefp.o(.text)
    _float_round                             0x0800087d   Thumb Code    18  fepilogue.o(.text)
    _float_epilogue                          0x0800088f   Thumb Code    92  fepilogue.o(.text)
    _double_round                            0x080008eb   Thumb Code    30  depilogue.o(.text)
    _double_epilogue                         0x08000909   Thumb Code   156  depilogue.o(.text)
    __aeabi_d2ulz                            0x080009a5   Thumb Code    48  dfixul.o(.text)
    __scatterload                            0x080009d5   Thumb Code    28  init.o(.text)
    __scatterload_rt2                        0x080009d5   Thumb Code     0  init.o(.text)
    __rt_ctype_table                         0x080009f9   Thumb Code     4  ctype_o.o(.text)
    _strtoul                                 0x08000a01   Thumb Code   158  _strtoul.o(.text)
    _chval                                   0x08000a9f   Thumb Code    28  _chval.o(.text)
    BusFault_Handler                         0x08000abb   Thumb Code     2  stm32f1xx_it.o(i.BusFault_Handler)
    DebugMon_Handler                         0x08000abd   Thumb Code     2  stm32f1xx_it.o(i.DebugMon_Handler)
    EXTI4_IRQHandler                         0x08000ac1   Thumb Code   144  main.o(i.EXTI4_IRQHandler)
    EXTI9_5_IRQHandler                       0x08000b59   Thumb Code   144  main.o(i.EXTI9_5_IRQHandler)
    HAL_DMA_Abort_IT                         0x08000bf1   Thumb Code   318  stm32f1xx_hal_dma.o(i.HAL_DMA_Abort_IT)
    HAL_GPIO_EXTI_Callback                   0x08000d65   Thumb Code     2  stm32f1xx_hal_gpio.o(i.HAL_GPIO_EXTI_Callback)
    HAL_GPIO_EXTI_IRQHandler                 0x08000d69   Thumb Code    18  stm32f1xx_hal_gpio.o(i.HAL_GPIO_EXTI_IRQHandler)
    HAL_GPIO_Init                            0x08000d81   Thumb Code   512  stm32f1xx_hal_gpio.o(i.HAL_GPIO_Init)
    HAL_GPIO_ReadPin                         0x08000f8d   Thumb Code    14  stm32f1xx_hal_gpio.o(i.HAL_GPIO_ReadPin)
    HAL_GPIO_WritePin                        0x08000f9b   Thumb Code    14  stm32f1xx_hal_gpio.o(i.HAL_GPIO_WritePin)
    HAL_GetTick                              0x08000fa9   Thumb Code     6  stm32f1xx_hal.o(i.HAL_GetTick)
    HAL_IncTick                              0x08000fb5   Thumb Code    12  stm32f1xx_hal.o(i.HAL_IncTick)
    HAL_Init                                 0x08000fc5   Thumb Code    32  stm32f1xx_hal.o(i.HAL_Init)
    HAL_InitTick                             0x08000fe9   Thumb Code    58  stm32f1xx_hal.o(i.HAL_InitTick)
    HAL_MspInit                              0x0800102d   Thumb Code    52  stm32f1xx_hal_msp.o(i.HAL_MspInit)
    HAL_NVIC_EnableIRQ                       0x08001069   Thumb Code    24  stm32f1xx_hal_cortex.o(i.HAL_NVIC_EnableIRQ)
    HAL_NVIC_SetPriority                     0x08001081   Thumb Code    98  stm32f1xx_hal_cortex.o(i.HAL_NVIC_SetPriority)
    HAL_NVIC_SetPriorityGrouping             0x080010e9   Thumb Code    30  stm32f1xx_hal_cortex.o(i.HAL_NVIC_SetPriorityGrouping)
    HAL_RCC_ClockConfig                      0x0800110d   Thumb Code   426  stm32f1xx_hal_rcc.o(i.HAL_RCC_ClockConfig)
    HAL_RCC_GetHCLKFreq                      0x080012c9   Thumb Code     6  stm32f1xx_hal_rcc.o(i.HAL_RCC_GetHCLKFreq)
    HAL_RCC_GetPCLK1Freq                     0x080012d5   Thumb Code    22  stm32f1xx_hal_rcc.o(i.HAL_RCC_GetPCLK1Freq)
    HAL_RCC_GetPCLK2Freq                     0x080012f5   Thumb Code    22  stm32f1xx_hal_rcc.o(i.HAL_RCC_GetPCLK2Freq)
    HAL_RCC_GetSysClockFreq                  0x08001315   Thumb Code    88  stm32f1xx_hal_rcc.o(i.HAL_RCC_GetSysClockFreq)
    HAL_RCC_OscConfig                        0x0800138d   Thumb Code  1024  stm32f1xx_hal_rcc.o(i.HAL_RCC_OscConfig)
    HAL_SYSTICK_Config                       0x0800178d   Thumb Code    36  stm32f1xx_hal_cortex.o(i.HAL_SYSTICK_Config)
    HAL_TIMEx_BreakCallback                  0x080017b5   Thumb Code     2  stm32f1xx_hal_tim_ex.o(i.HAL_TIMEx_BreakCallback)
    HAL_TIMEx_CommutationCallback            0x080017b7   Thumb Code     2  stm32f1xx_hal_tim_ex.o(i.HAL_TIMEx_CommutationCallback)
    HAL_TIMEx_MasterConfigSynchronization    0x080017b9   Thumb Code   102  stm32f1xx_hal_tim_ex.o(i.HAL_TIMEx_MasterConfigSynchronization)
    HAL_TIM_Base_Init                        0x0800181f   Thumb Code    56  stm32f1xx_hal_tim.o(i.HAL_TIM_Base_Init)
    HAL_TIM_Base_MspInit                     0x08001859   Thumb Code    86  stm32f1xx_hal_msp.o(i.HAL_TIM_Base_MspInit)
    HAL_TIM_Base_Start_IT                    0x080018bd   Thumb Code    24  stm32f1xx_hal_tim.o(i.HAL_TIM_Base_Start_IT)
    HAL_TIM_ConfigClockSource                0x080018d5   Thumb Code   272  stm32f1xx_hal_tim.o(i.HAL_TIM_ConfigClockSource)
    HAL_TIM_IC_CaptureCallback               0x080019e5   Thumb Code     2  stm32f1xx_hal_tim.o(i.HAL_TIM_IC_CaptureCallback)
    HAL_TIM_IRQHandler                       0x080019e7   Thumb Code   372  stm32f1xx_hal_tim.o(i.HAL_TIM_IRQHandler)
    HAL_TIM_MspPostInit                      0x08001b5d   Thumb Code   136  stm32f1xx_hal_msp.o(i.HAL_TIM_MspPostInit)
    HAL_TIM_OC_DelayElapsedCallback          0x08001bf9   Thumb Code     2  stm32f1xx_hal_tim.o(i.HAL_TIM_OC_DelayElapsedCallback)
    HAL_TIM_PWM_ConfigChannel                0x08001bfb   Thumb Code   220  stm32f1xx_hal_tim.o(i.HAL_TIM_PWM_ConfigChannel)
    HAL_TIM_PWM_Init                         0x08001cd7   Thumb Code    56  stm32f1xx_hal_tim.o(i.HAL_TIM_PWM_Init)
    HAL_TIM_PWM_MspInit                      0x08001d11   Thumb Code    52  stm32f1xx_hal_msp.o(i.HAL_TIM_PWM_MspInit)
    HAL_TIM_PWM_PulseFinishedCallback        0x08001d4d   Thumb Code     2  stm32f1xx_hal_tim.o(i.HAL_TIM_PWM_PulseFinishedCallback)
    HAL_TIM_PWM_Start                        0x08001d4f   Thumb Code    56  stm32f1xx_hal_tim.o(i.HAL_TIM_PWM_Start)
    HAL_TIM_PeriodElapsedCallback            0x08001d89   Thumb Code   234  main.o(i.HAL_TIM_PeriodElapsedCallback)
    HAL_TIM_TriggerCallback                  0x08001ea9   Thumb Code     2  stm32f1xx_hal_tim.o(i.HAL_TIM_TriggerCallback)
    HAL_UART_ErrorCallback                   0x08001eab   Thumb Code     2  stm32f1xx_hal_uart.o(i.HAL_UART_ErrorCallback)
    HAL_UART_IRQHandler                      0x08001ead   Thumb Code   306  stm32f1xx_hal_uart.o(i.HAL_UART_IRQHandler)
    HAL_UART_Init                            0x08001fe5   Thumb Code   100  stm32f1xx_hal_uart.o(i.HAL_UART_Init)
    HAL_UART_MspInit                         0x08002049   Thumb Code   116  stm32f1xx_hal_msp.o(i.HAL_UART_MspInit)
    HAL_UART_Receive_IT                      0x080020c9   Thumb Code    86  stm32f1xx_hal_uart.o(i.HAL_UART_Receive_IT)
    HAL_UART_RxCpltCallback                  0x08002121   Thumb Code   258  main.o(i.HAL_UART_RxCpltCallback)
    HAL_UART_Transmit                        0x08002259   Thumb Code   220  stm32f1xx_hal_uart.o(i.HAL_UART_Transmit)
    HAL_UART_TxCpltCallback                  0x08002335   Thumb Code     2  stm32f1xx_hal_uart.o(i.HAL_UART_TxCpltCallback)
    HardFault_Handler                        0x08002337   Thumb Code     2  stm32f1xx_it.o(i.HardFault_Handler)
    MemManage_Handler                        0x08002541   Thumb Code     2  stm32f1xx_it.o(i.MemManage_Handler)
    NMI_Handler                              0x08002543   Thumb Code     2  stm32f1xx_it.o(i.NMI_Handler)
    PIDVel_AntiWindup                        0x08002545   Thumb Code   228  main.o(i.PIDVel_AntiWindup)
    PendSV_Handler                           0x08002635   Thumb Code     2  stm32f1xx_it.o(i.PendSV_Handler)
    SVC_Handler                              0x0800265d   Thumb Code     2  stm32f1xx_it.o(i.SVC_Handler)
    SysTick_Handler                          0x0800265f   Thumb Code     4  stm32f1xx_it.o(i.SysTick_Handler)
    SystemClock_Config                       0x08002663   Thumb Code    78  main.o(i.SystemClock_Config)
    SystemInit                               0x080026b1   Thumb Code    56  system_stm32f1xx.o(i.SystemInit)
    TIM4_IRQHandler                          0x080026f9   Thumb Code     6  stm32f1xx_it.o(i.TIM4_IRQHandler)
    TIM5_IRQHandler                          0x08002705   Thumb Code     6  stm32f1xx_it.o(i.TIM5_IRQHandler)
    TIM_Base_SetConfig                       0x08002711   Thumb Code   122  stm32f1xx_hal_tim.o(i.TIM_Base_SetConfig)
    TIM_CCxChannelCmd                        0x080027a1   Thumb Code    26  stm32f1xx_hal_tim.o(i.TIM_CCxChannelCmd)
    TIM_OC2_SetConfig                        0x08002851   Thumb Code   112  stm32f1xx_hal_tim.o(i.TIM_OC2_SetConfig)
    USART1_IRQHandler                        0x08002d59   Thumb Code     6  stm32f1xx_it.o(i.USART1_IRQHandler)
    UsageFault_Handler                       0x08002d65   Thumb Code     2  stm32f1xx_it.o(i.UsageFault_Handler)
    __0printf                                0x08002d69   Thumb Code    22  printfa.o(i.__0printf)
    __1printf                                0x08002d69   Thumb Code     0  printfa.o(i.__0printf)
    __2printf                                0x08002d69   Thumb Code     0  printfa.o(i.__0printf)
    __c89printf                              0x08002d69   Thumb Code     0  printfa.o(i.__0printf)
    printf                                   0x08002d69   Thumb Code     0  printfa.o(i.__0printf)
    __aeabi_errno_addr                       0x08002d89   Thumb Code     4  errno.o(i.__aeabi_errno_addr)
    __rt_errno_addr                          0x08002d89   Thumb Code     0  errno.o(i.__aeabi_errno_addr)
    __scatterload_copy                       0x08002d91   Thumb Code    14  handlers.o(i.__scatterload_copy)
    __scatterload_null                       0x08002d9f   Thumb Code     2  handlers.o(i.__scatterload_null)
    __scatterload_zeroinit                   0x08002da1   Thumb Code    14  handlers.o(i.__scatterload_zeroinit)
    fputc                                    0x0800363d   Thumb Code    18  main.o(i.fputc)
    main                                     0x08003655   Thumb Code   106  main.o(i.main)
    AHBPrescTable                            0x080036d0   Data          16  system_stm32f1xx.o(.constdata)
    APBPrescTable                            0x080036e0   Data           8  system_stm32f1xx.o(.constdata)
    __ctype_table                            0x080036e8   Data         129  ctype_o.o(.constdata)
    Region$$Table$$Base                      0x08003770   Number         0  anon$$obj.o(Region$$Table)
    Region$$Table$$Limit                     0x08003790   Number         0  anon$$obj.o(Region$$Table)
    tick                                     0x20000000   Data           1  main.o(.data)
    run                                      0x20000001   Data           1  main.o(.data)
    PreviousState                            0x20000002   Data           1  main.o(.data)
    pwm                                      0x20000003   Data           1  main.o(.data)
    Speedmode                                0x20000004   Data           1  main.o(.data)
    dir                                      0x20000005   Data           1  main.o(.data)
    Rx_indx                                  0x20000006   Data           1  main.o(.data)
    CountValue                               0x20000008   Data           2  main.o(.data)
    HILIM                                    0x2000000a   Data           2  main.o(.data)
    LOLIM                                    0x2000000c   Data           2  main.o(.data)
    RealVel                                  0x2000000e   Data           2  main.o(.data)
    DesiredSpeed                             0x20000010   Data           2  main.o(.data)
    CntVel                                   0x20000012   Data           2  main.o(.data)
    Rx_data                                  0x20000014   Data           2  main.o(.data)
    CurPos                                   0x20000018   Data           4  main.o(.data)
    Kp                                       0x20000030   Data           4  main.o(.data)
    Kd                                       0x20000034   Data           4  main.o(.data)
    Ki                                       0x20000038   Data           4  main.o(.data)
    Kb                                       0x2000003c   Data           4  main.o(.data)
    PosCnt                                   0x20000040   Data           4  main.o(.data)
    Cnttmp                                   0x20000044   Data           4  main.o(.data)
    DesiredPos                               0x20000048   Data           4  main.o(.data)
    CurVel                                   0x2000004c   Data           4  main.o(.data)
    SystemCoreClock                          0x20000050   Data           4  system_stm32f1xx.o(.data)
    uwTickFreq                               0x20000054   Data           1  stm32f1xx_hal.o(.data)
    uwTickPrio                               0x20000058   Data           4  stm32f1xx_hal.o(.data)
    uwTick                                   0x2000005c   Data           4  stm32f1xx_hal.o(.data)
    __stdout                                 0x20000060   Data           4  stdout.o(.data)
    htim2                                    0x20000068   Data          64  main.o(.bss)
    htim3                                    0x200000a8   Data          64  main.o(.bss)
    htim4                                    0x200000e8   Data          64  main.o(.bss)
    htim5                                    0x20000128   Data          64  main.o(.bss)
    huart1                                   0x20000168   Data          64  main.o(.bss)
    Rx_Buffer                                0x200001a8   Data          20  main.o(.bss)
    __initial_sp                             0x200005c0   Data           0  startup_stm32f103xe.o(STACK)



==============================================================================

Memory Map of the image

  Image Entry point : 0x08000131

  Load Region LR_IROM1 (Base: 0x08000000, Size: 0x000037f8, Max: 0x00040000, ABSOLUTE)

    Execution Region ER_IROM1 (Exec base: 0x08000000, Load base: 0x08000000, Size: 0x00003790, Max: 0x00040000, ABSOLUTE)

    Exec Addr    Load Addr    Size         Type   Attr      Idx    E Section Name        Object

    0x08000000   0x08000000   0x00000130   Data   RO            3    RESET               startup_stm32f103xe.o
    0x08000130   0x08000130   0x00000000   Code   RO         2566  * .ARM.Collect$$$$00000000  mc_w.l(entry.o)
    0x08000130   0x08000130   0x00000004   Code   RO         2864    .ARM.Collect$$$$00000001  mc_w.l(entry2.o)
    0x08000134   0x08000134   0x00000004   Code   RO         2867    .ARM.Collect$$$$00000004  mc_w.l(entry5.o)
    0x08000138   0x08000138   0x00000000   Code   RO         2869    .ARM.Collect$$$$00000008  mc_w.l(entry7b.o)
    0x08000138   0x08000138   0x00000000   Code   RO         2871    .ARM.Collect$$$$0000000A  mc_w.l(entry8b.o)
    0x08000138   0x08000138   0x00000008   Code   RO         2872    .ARM.Collect$$$$0000000B  mc_w.l(entry9a.o)
    0x08000140   0x08000140   0x00000004   Code   RO         2879    .ARM.Collect$$$$0000000E  mc_w.l(entry12b.o)
    0x08000144   0x08000144   0x00000000   Code   RO         2874    .ARM.Collect$$$$0000000F  mc_w.l(entry10a.o)
    0x08000144   0x08000144   0x00000000   Code   RO         2876    .ARM.Collect$$$$00000011  mc_w.l(entry11a.o)
    0x08000144   0x08000144   0x00000004   Code   RO         2865    .ARM.Collect$$$$00002712  mc_w.l(entry2.o)
    0x08000148   0x08000148   0x00000024   Code   RO            4    .text               startup_stm32f103xe.o
    0x0800016c   0x0800016c   0x00000020   Code   RO         2569    .text               mc_w.l(llushr.o)
    0x0800018c   0x0800018c   0x00000024   Code   RO         2571    .text               mc_w.l(memseta.o)
    0x080001b0   0x080001b0   0x0000001a   Code   RO         2834    .text               mc_w.l(atoi.o)
    0x080001ca   0x080001ca   0x000000b0   Code   RO         2836    .text               mf_w.l(fadd.o)
    0x0800027a   0x0800027a   0x00000064   Code   RO         2838    .text               mf_w.l(fmul.o)
    0x080002de   0x080002de   0x0000014e   Code   RO         2840    .text               mf_w.l(dadd.o)
    0x0800042c   0x0800042c   0x000000e4   Code   RO         2842    .text               mf_w.l(dmul.o)
    0x08000510   0x08000510   0x000000de   Code   RO         2844    .text               mf_w.l(ddiv.o)
    0x080005ee   0x080005ee   0x00000012   Code   RO         2846    .text               mf_w.l(fflti.o)
    0x08000600   0x08000600   0x00000022   Code   RO         2848    .text               mf_w.l(dflti.o)
    0x08000622   0x08000622   0x00000032   Code   RO         2850    .text               mf_w.l(ffixi.o)
    0x08000654   0x08000654   0x00000026   Code   RO         2852    .text               mf_w.l(f2d.o)
    0x0800067a   0x0800067a   0x00000002   PAD
    0x0800067c   0x0800067c   0x00000030   Code   RO         2854    .text               mf_w.l(cdcmple.o)
    0x080006ac   0x080006ac   0x00000030   Code   RO         2856    .text               mf_w.l(cdrcmple.o)
    0x080006dc   0x080006dc   0x00000038   Code   RO         2858    .text               mf_w.l(d2f.o)
    0x08000714   0x08000714   0x00000014   Code   RO         2860    .text               mf_w.l(cfcmple.o)
    0x08000728   0x08000728   0x00000014   Code   RO         2862    .text               mf_w.l(cfrcmple.o)
    0x0800073c   0x0800073c   0x0000002c   Code   RO         2881    .text               mc_w.l(uidiv.o)
    0x08000768   0x08000768   0x00000062   Code   RO         2883    .text               mc_w.l(uldiv.o)
    0x080007ca   0x080007ca   0x0000001e   Code   RO         2885    .text               mc_w.l(llshl.o)
    0x080007e8   0x080007e8   0x00000024   Code   RO         2887    .text               mc_w.l(llsshr.o)
    0x0800080c   0x0800080c   0x00000070   Code   RO         2896    .text               mc_w.l(strtol.o)
    0x0800087c   0x0800087c   0x00000000   Code   RO         2898    .text               mc_w.l(iusefp.o)
    0x0800087c   0x0800087c   0x0000006e   Code   RO         2899    .text               mf_w.l(fepilogue.o)
    0x080008ea   0x080008ea   0x000000ba   Code   RO         2901    .text               mf_w.l(depilogue.o)
    0x080009a4   0x080009a4   0x00000030   Code   RO         2903    .text               mf_w.l(dfixul.o)
    0x080009d4   0x080009d4   0x00000024   Code   RO         2905    .text               mc_w.l(init.o)
    0x080009f8   0x080009f8   0x00000008   Code   RO         2907    .text               mc_w.l(ctype_o.o)
    0x08000a00   0x08000a00   0x0000009e   Code   RO         2935    .text               mc_w.l(_strtoul.o)
    0x08000a9e   0x08000a9e   0x0000001c   Code   RO         2937    .text               mc_w.l(_chval.o)
    0x08000aba   0x08000aba   0x00000002   Code   RO          218    i.BusFault_Handler  stm32f1xx_it.o
    0x08000abc   0x08000abc   0x00000002   Code   RO          219    i.DebugMon_Handler  stm32f1xx_it.o
    0x08000abe   0x08000abe   0x00000002   PAD
    0x08000ac0   0x08000ac0   0x00000098   Code   RO           13    i.EXTI4_IRQHandler  main.o
    0x08000b58   0x08000b58   0x00000098   Code   RO           14    i.EXTI9_5_IRQHandler  main.o
    0x08000bf0   0x08000bf0   0x00000174   Code   RO         1699    i.HAL_DMA_Abort_IT  stm32f1xx_hal_dma.o
    0x08000d64   0x08000d64   0x00000002   Code   RO         1632    i.HAL_GPIO_EXTI_Callback  stm32f1xx_hal_gpio.o
    0x08000d66   0x08000d66   0x00000002   PAD
    0x08000d68   0x08000d68   0x00000018   Code   RO         1633    i.HAL_GPIO_EXTI_IRQHandler  stm32f1xx_hal_gpio.o
    0x08000d80   0x08000d80   0x0000020c   Code   RO         1634    i.HAL_GPIO_Init     stm32f1xx_hal_gpio.o
    0x08000f8c   0x08000f8c   0x0000000e   Code   RO         1636    i.HAL_GPIO_ReadPin  stm32f1xx_hal_gpio.o
    0x08000f9a   0x08000f9a   0x0000000e   Code   RO         1638    i.HAL_GPIO_WritePin  stm32f1xx_hal_gpio.o
    0x08000fa8   0x08000fa8   0x0000000c   Code   RO         1337    i.HAL_GetTick       stm32f1xx_hal.o
    0x08000fb4   0x08000fb4   0x00000010   Code   RO         1341    i.HAL_IncTick       stm32f1xx_hal.o
    0x08000fc4   0x08000fc4   0x00000024   Code   RO         1342    i.HAL_Init          stm32f1xx_hal.o
    0x08000fe8   0x08000fe8   0x00000044   Code   RO         1343    i.HAL_InitTick      stm32f1xx_hal.o
    0x0800102c   0x0800102c   0x0000003c   Code   RO          312    i.HAL_MspInit       stm32f1xx_hal_msp.o
    0x08001068   0x08001068   0x00000018   Code   RO         1794    i.HAL_NVIC_EnableIRQ  stm32f1xx_hal_cortex.o
    0x08001080   0x08001080   0x00000068   Code   RO         1800    i.HAL_NVIC_SetPriority  stm32f1xx_hal_cortex.o
    0x080010e8   0x080010e8   0x00000024   Code   RO         1801    i.HAL_NVIC_SetPriorityGrouping  stm32f1xx_hal_cortex.o
    0x0800110c   0x0800110c   0x000001bc   Code   RO         1489    i.HAL_RCC_ClockConfig  stm32f1xx_hal_rcc.o
    0x080012c8   0x080012c8   0x0000000c   Code   RO         1494    i.HAL_RCC_GetHCLKFreq  stm32f1xx_hal_rcc.o
    0x080012d4   0x080012d4   0x00000020   Code   RO         1496    i.HAL_RCC_GetPCLK1Freq  stm32f1xx_hal_rcc.o
    0x080012f4   0x080012f4   0x00000020   Code   RO         1497    i.HAL_RCC_GetPCLK2Freq  stm32f1xx_hal_rcc.o
    0x08001314   0x08001314   0x00000078   Code   RO         1498    i.HAL_RCC_GetSysClockFreq  stm32f1xx_hal_rcc.o
    0x0800138c   0x0800138c   0x00000400   Code   RO         1501    i.HAL_RCC_OscConfig  stm32f1xx_hal_rcc.o
    0x0800178c   0x0800178c   0x00000028   Code   RO         1805    i.HAL_SYSTICK_Config  stm32f1xx_hal_cortex.o
    0x080017b4   0x080017b4   0x00000002   Code   RO         1093    i.HAL_TIMEx_BreakCallback  stm32f1xx_hal_tim_ex.o
    0x080017b6   0x080017b6   0x00000002   Code   RO         1094    i.HAL_TIMEx_CommutationCallback  stm32f1xx_hal_tim_ex.o
    0x080017b8   0x080017b8   0x00000066   Code   RO         1110    i.HAL_TIMEx_MasterConfigSynchronization  stm32f1xx_hal_tim_ex.o
    0x0800181e   0x0800181e   0x00000038   Code   RO          454    i.HAL_TIM_Base_Init  stm32f1xx_hal_tim.o
    0x08001856   0x08001856   0x00000002   PAD
    0x08001858   0x08001858   0x00000064   Code   RO          314    i.HAL_TIM_Base_MspInit  stm32f1xx_hal_msp.o
    0x080018bc   0x080018bc   0x00000018   Code   RO          459    i.HAL_TIM_Base_Start_IT  stm32f1xx_hal_tim.o
    0x080018d4   0x080018d4   0x00000110   Code   RO          463    i.HAL_TIM_ConfigClockSource  stm32f1xx_hal_tim.o
    0x080019e4   0x080019e4   0x00000002   Code   RO          483    i.HAL_TIM_IC_CaptureCallback  stm32f1xx_hal_tim.o
    0x080019e6   0x080019e6   0x00000174   Code   RO          496    i.HAL_TIM_IRQHandler  stm32f1xx_hal_tim.o
    0x08001b5a   0x08001b5a   0x00000002   PAD
    0x08001b5c   0x08001b5c   0x0000009c   Code   RO          315    i.HAL_TIM_MspPostInit  stm32f1xx_hal_msp.o
    0x08001bf8   0x08001bf8   0x00000002   Code   RO          499    i.HAL_TIM_OC_DelayElapsedCallback  stm32f1xx_hal_tim.o
    0x08001bfa   0x08001bfa   0x000000dc   Code   RO          520    i.HAL_TIM_PWM_ConfigChannel  stm32f1xx_hal_tim.o
    0x08001cd6   0x08001cd6   0x00000038   Code   RO          523    i.HAL_TIM_PWM_Init  stm32f1xx_hal_tim.o
    0x08001d0e   0x08001d0e   0x00000002   PAD
    0x08001d10   0x08001d10   0x0000003c   Code   RO          317    i.HAL_TIM_PWM_MspInit  stm32f1xx_hal_msp.o
    0x08001d4c   0x08001d4c   0x00000002   Code   RO          526    i.HAL_TIM_PWM_PulseFinishedCallback  stm32f1xx_hal_tim.o
    0x08001d4e   0x08001d4e   0x00000038   Code   RO          527    i.HAL_TIM_PWM_Start  stm32f1xx_hal_tim.o
    0x08001d86   0x08001d86   0x00000002   PAD
    0x08001d88   0x08001d88   0x00000120   Code   RO           16    i.HAL_TIM_PeriodElapsedCallback  main.o
    0x08001ea8   0x08001ea8   0x00000002   Code   RO          537    i.HAL_TIM_TriggerCallback  stm32f1xx_hal_tim.o
    0x08001eaa   0x08001eaa   0x00000002   Code   RO         2259    i.HAL_UART_ErrorCallback  stm32f1xx_hal_uart.o
    0x08001eac   0x08001eac   0x00000138   Code   RO         2262    i.HAL_UART_IRQHandler  stm32f1xx_hal_uart.o
    0x08001fe4   0x08001fe4   0x00000064   Code   RO         2263    i.HAL_UART_Init     stm32f1xx_hal_uart.o
    0x08002048   0x08002048   0x00000080   Code   RO          319    i.HAL_UART_MspInit  stm32f1xx_hal_msp.o
    0x080020c8   0x080020c8   0x00000056   Code   RO         2268    i.HAL_UART_Receive_IT  stm32f1xx_hal_uart.o
    0x0800211e   0x0800211e   0x00000002   PAD
    0x08002120   0x08002120   0x00000138   Code   RO           17    i.HAL_UART_RxCpltCallback  main.o
    0x08002258   0x08002258   0x000000dc   Code   RO         2271    i.HAL_UART_Transmit  stm32f1xx_hal_uart.o
    0x08002334   0x08002334   0x00000002   Code   RO         2274    i.HAL_UART_TxCpltCallback  stm32f1xx_hal_uart.o
    0x08002336   0x08002336   0x00000002   Code   RO          220    i.HardFault_Handler  stm32f1xx_it.o
    0x08002338   0x08002338   0x000000a8   Code   RO           18    i.MX_GPIO_Init      main.o
    0x080023e0   0x080023e0   0x0000005c   Code   RO           19    i.MX_TIM2_Init      main.o
    0x0800243c   0x0800243c   0x0000005c   Code   RO           20    i.MX_TIM3_Init      main.o
    0x08002498   0x08002498   0x00000054   Code   RO           21    i.MX_TIM4_Init      main.o
    0x080024ec   0x080024ec   0x00000054   Code   RO           22    i.MX_TIM5_Init      main.o
    0x08002540   0x08002540   0x00000002   Code   RO          221    i.MemManage_Handler  stm32f1xx_it.o
    0x08002542   0x08002542   0x00000002   Code   RO          222    i.NMI_Handler       stm32f1xx_it.o
    0x08002544   0x08002544   0x000000f0   Code   RO           24    i.PIDVel_AntiWindup  main.o
    0x08002634   0x08002634   0x00000002   Code   RO          223    i.PendSV_Handler    stm32f1xx_it.o
    0x08002636   0x08002636   0x00000002   PAD
    0x08002638   0x08002638   0x00000024   Code   RO         1502    i.RCC_Delay         stm32f1xx_hal_rcc.o
    0x0800265c   0x0800265c   0x00000002   Code   RO          224    i.SVC_Handler       stm32f1xx_it.o
    0x0800265e   0x0800265e   0x00000004   Code   RO          225    i.SysTick_Handler   stm32f1xx_it.o
    0x08002662   0x08002662   0x0000004e   Code   RO           25    i.SystemClock_Config  main.o
    0x080026b0   0x080026b0   0x00000048   Code   RO          379    i.SystemInit        system_stm32f1xx.o
    0x080026f8   0x080026f8   0x0000000c   Code   RO          226    i.TIM4_IRQHandler   stm32f1xx_it.o
    0x08002704   0x08002704   0x0000000c   Code   RO          227    i.TIM5_IRQHandler   stm32f1xx_it.o
    0x08002710   0x08002710   0x00000090   Code   RO          538    i.TIM_Base_SetConfig  stm32f1xx_hal_tim.o
    0x080027a0   0x080027a0   0x0000001a   Code   RO          539    i.TIM_CCxChannelCmd  stm32f1xx_hal_tim.o
    0x080027ba   0x080027ba   0x00000016   Code   RO          545    i.TIM_ETR_SetConfig  stm32f1xx_hal_tim.o
    0x080027d0   0x080027d0   0x00000010   Code   RO          546    i.TIM_ITRx_SetConfig  stm32f1xx_hal_tim.o
    0x080027e0   0x080027e0   0x00000070   Code   RO          547    i.TIM_OC1_SetConfig  stm32f1xx_hal_tim.o
    0x08002850   0x08002850   0x00000078   Code   RO          548    i.TIM_OC2_SetConfig  stm32f1xx_hal_tim.o
    0x080028c8   0x080028c8   0x00000078   Code   RO          549    i.TIM_OC3_SetConfig  stm32f1xx_hal_tim.o
    0x08002940   0x08002940   0x00000058   Code   RO          550    i.TIM_OC4_SetConfig  stm32f1xx_hal_tim.o
    0x08002998   0x08002998   0x00000026   Code   RO          552    i.TIM_TI1_ConfigInputStage  stm32f1xx_hal_tim.o
    0x080029be   0x080029be   0x00000024   Code   RO          554    i.TIM_TI2_ConfigInputStage  stm32f1xx_hal_tim.o
    0x080029e2   0x080029e2   0x00000010   Code   RO         2276    i.UART_DMAAbortOnError  stm32f1xx_hal_uart.o
    0x080029f2   0x080029f2   0x0000001c   Code   RO         2286    i.UART_EndRxTransfer  stm32f1xx_hal_uart.o
    0x08002a0e   0x08002a0e   0x0000001a   Code   RO         2287    i.UART_EndTransmit_IT  stm32f1xx_hal_uart.o
    0x08002a28   0x08002a28   0x0000009c   Code   RO         2289    i.UART_Receive_IT   stm32f1xx_hal_uart.o
    0x08002ac4   0x08002ac4   0x000001b4   Code   RO         2290    i.UART_SetConfig    stm32f1xx_hal_uart.o
    0x08002c78   0x08002c78   0x00000066   Code   RO         2291    i.UART_Transmit_IT  stm32f1xx_hal_uart.o
    0x08002cde   0x08002cde   0x00000078   Code   RO         2292    i.UART_WaitOnFlagUntilTimeout  stm32f1xx_hal_uart.o
    0x08002d56   0x08002d56   0x00000002   PAD
    0x08002d58   0x08002d58   0x0000000c   Code   RO          228    i.USART1_IRQHandler  stm32f1xx_it.o
    0x08002d64   0x08002d64   0x00000002   Code   RO          229    i.UsageFault_Handler  stm32f1xx_it.o
    0x08002d66   0x08002d66   0x00000002   PAD
    0x08002d68   0x08002d68   0x00000020   Code   RO         2806    i.__0printf         mc_w.l(printfa.o)
    0x08002d88   0x08002d88   0x00000008   Code   RO         2889    i.__aeabi_errno_addr  mc_w.l(errno.o)
    0x08002d90   0x08002d90   0x0000000e   Code   RO         2941    i.__scatterload_copy  mc_w.l(handlers.o)
    0x08002d9e   0x08002d9e   0x00000002   Code   RO         2942    i.__scatterload_null  mc_w.l(handlers.o)
    0x08002da0   0x08002da0   0x0000000e   Code   RO         2943    i.__scatterload_zeroinit  mc_w.l(handlers.o)
    0x08002dae   0x08002dae   0x00000002   PAD
    0x08002db0   0x08002db0   0x00000184   Code   RO         2813    i._fp_digits        mc_w.l(printfa.o)
    0x08002f34   0x08002f34   0x000006b4   Code   RO         2814    i._printf_core      mc_w.l(printfa.o)
    0x080035e8   0x080035e8   0x00000024   Code   RO         2815    i._printf_post_padding  mc_w.l(printfa.o)
    0x0800360c   0x0800360c   0x0000002e   Code   RO         2816    i._printf_pre_padding  mc_w.l(printfa.o)
    0x0800363a   0x0800363a   0x00000002   PAD
    0x0800363c   0x0800363c   0x00000018   Code   RO           26    i.fputc             main.o
    0x08003654   0x08003654   0x0000007c   Code   RO           27    i.main              main.o
    0x080036d0   0x080036d0   0x00000010   Data   RO          380    .constdata          system_stm32f1xx.o
    0x080036e0   0x080036e0   0x00000008   Data   RO          381    .constdata          system_stm32f1xx.o
    0x080036e8   0x080036e8   0x00000081   Data   RO         2908    .constdata          mc_w.l(ctype_o.o)
    0x08003769   0x08003769   0x00000003   PAD
    0x0800376c   0x0800376c   0x00000004   Data   RO         2909    .constdata          mc_w.l(ctype_o.o)
    0x08003770   0x08003770   0x00000020   Data   RO         2939    Region$$Table       anon$$obj.o


    Execution Region RW_IRAM1 (Exec base: 0x20000000, Load base: 0x08003790, Size: 0x000005c0, Max: 0x0000c000, ABSOLUTE)

    Exec Addr    Load Addr    Size         Type   Attr      Idx    E Section Name        Object

    0x20000000   0x08003790   0x00000050   Data   RW           29    .data               main.o
    0x20000050   0x080037e0   0x00000004   Data   RW          382    .data               system_stm32f1xx.o
    0x20000054   0x080037e4   0x0000000c   Data   RW         1349    .data               stm32f1xx_hal.o
    0x20000060   0x080037f0   0x00000004   Data   RW         2880    .data               mc_w.l(stdout.o)
    0x20000064   0x080037f4   0x00000004   Data   RW         2892    .data               mc_w.l(errno.o)
    0x20000068        -       0x00000154   Zero   RW           28    .bss                main.o
    0x200001bc   0x080037f8   0x00000004   PAD
    0x200001c0        -       0x00000400   Zero   RW            1    STACK               startup_stm32f103xe.o


==============================================================================

Image component sizes


      Code (inc. data)   RO Data    RW Data    ZI Data      Debug   Object Name

      1890        220          0         80        340     486303   main.o
        36          8        304          0       1024        780   startup_stm32f103xe.o
       132         24          0         12          0       5761   stm32f1xx_hal.o
       204         16          0          0          0      25395   stm32f1xx_hal_cortex.o
       372         54          0          0          0       1175   stm32f1xx_hal_dma.o
       578         18          0          0          0       4527   stm32f1xx_hal_gpio.o
       504         62          0          0          0       3460   stm32f1xx_hal_msp.o
      1700         98          0          0          0       6664   stm32f1xx_hal_rcc.o
      1786         46          0          0          0      14590   stm32f1xx_hal_tim.o
       106          0          0          0          0       2258   stm32f1xx_hal_tim_ex.o
      1606         10          0          0          0       9583   stm32f1xx_hal_uart.o
        56         18          0          0          0       4810   stm32f1xx_it.o
        72         16         24          4          0       1091   system_stm32f1xx.o

    ----------------------------------------------------------------------
      9062        590        360         96       1368     566397   Object Totals
         0          0         32          0          0          0   (incl. Generated)
        20          0          0          0          4          0   (incl. Padding)

    ----------------------------------------------------------------------

      Code (inc. data)   RO Data    RW Data    ZI Data      Debug   Library Member Name

        28          0          0          0          0         68   _chval.o
       158          0          0          0          0         92   _strtoul.o
        26          0          0          0          0         80   atoi.o
         8          4        133          0          0         68   ctype_o.o
         0          0          0          0          0          0   entry.o
         0          0          0          0          0          0   entry10a.o
         0          0          0          0          0          0   entry11a.o
         4          0          0          0          0          0   entry12b.o
         8          4          0          0          0          0   entry2.o
         4          0          0          0          0          0   entry5.o
         0          0          0          0          0          0   entry7b.o
         0          0          0          0          0          0   entry8b.o
         8          4          0          0          0          0   entry9a.o
         8          4          0          4          0         68   errno.o
        30          0          0          0          0          0   handlers.o
        36          8          0          0          0         68   init.o
         0          0          0          0          0          0   iusefp.o
        30          0          0          0          0         68   llshl.o
        36          0          0          0          0         68   llsshr.o
        32          0          0          0          0         68   llushr.o
        36          0          0          0          0        108   memseta.o
      2218         90          0          0          0        464   printfa.o
         0          0          0          4          0          0   stdout.o
       112          0          0          0          0         88   strtol.o
        44          0          0          0          0         80   uidiv.o
        98          0          0          0          0         92   uldiv.o
        48          0          0          0          0         68   cdcmple.o
        48          0          0          0          0         68   cdrcmple.o
        20          0          0          0          0         68   cfcmple.o
        20          0          0          0          0         68   cfrcmple.o
        56          0          0          0          0         88   d2f.o
       334          0          0          0          0        148   dadd.o
       222          0          0          0          0        100   ddiv.o
       186          0          0          0          0        176   depilogue.o
        48          0          0          0          0         68   dfixul.o
        34          0          0          0          0         76   dflti.o
       228          0          0          0          0         96   dmul.o
        38          0          0          0          0         68   f2d.o
       176          0          0          0          0        140   fadd.o
       110          0          0          0          0        168   fepilogue.o
        50          0          0          0          0         68   ffixi.o
        18          0          0          0          0         68   fflti.o
       100          0          0          0          0         76   fmul.o

    ----------------------------------------------------------------------
      4666        114        136          8          0       3092   Library Totals
         6          0          3          0          0          0   (incl. Padding)

    ----------------------------------------------------------------------

      Code (inc. data)   RO Data    RW Data    ZI Data      Debug   Library Name

      2924        114        133          8          0       1480   mc_w.l
      1736          0          0          0          0       1612   mf_w.l

    ----------------------------------------------------------------------
      4666        114        136          8          0       3092   Library Totals

    ----------------------------------------------------------------------

==============================================================================


      Code (inc. data)   RO Data    RW Data    ZI Data      Debug   

     13728        704        496        104       1368     563661   Grand Totals
     13728        704        496        104       1368     563661   ELF Image Totals
     13728        704        496        104          0          0   ROM Totals

==============================================================================

    Total RO  Size (Code + RO Data)                14224 (  13.89kB)
    Total RW  Size (RW Data + ZI Data)              1472 (   1.44kB)
    Total ROM Size (Code + RO Data + RW Data)      14328 (  13.99kB)

==============================================================================

